roster-board → shots-now/roster  (bake 2× · rest zoom 0.8 · magnified ×2 nearest)
  shapes … 50 entries, cell 27x186px, 50 distinct pictures
      near  domed-head  ~~  gabled   (d=4.93)
      near  rounded  ~~  cushioned   (d=5.17)
  coverings … 50 entries, cell 27x186px, 50 distinct pictures
      near  half-bound  ~~  half-cloth-paper   (d=2.18)
      near  smooth-cloth  ~~  patterned-paper   (d=2.73)
      near  smooth-cloth  ~~  ribbed-cloth   (d=2.87)
      near  smooth-cloth  ~~  tweed   (d=3.57)
      near  paste-paper  ~~  damask   (d=3.71)
      near  ribbed-cloth  ~~  tweed   (d=3.91)
  tooling … 50 entries, cell 27x186px, 44 distinct pictures, 7 colliding pairs
      SAME  plain  ==  label-plate   (d=0)
      SAME  diamond-centre  ==  star-tooling   (d=0.89)
      SAME  dotted-rule  ==  wave-scroll   (d=1.69)
      SAME  chain-band  ==  wave-scroll   (d=1.71)
      SAME  plain  ==  tally-rules   (d=1.95)
      SAME  label-plate  ==  tally-rules   (d=1.95)
      SAME  dotted-rule  ==  zigzag-band   (d=1.96)
      near  triple-bands  ~~  rope-band   (d=2.02)
      near  plain  ~~  dotted-rule   (d=2.14)
      near  dotted-rule  ~~  label-plate   (d=2.14)
      near  monogram-lozenge  ~~  star-tooling   (d=2.21)
      near  plain  ~~  wave-scroll   (d=2.22)
      near  wave-scroll  ~~  label-plate   (d=2.22)
  bindings … 189 entries, cell 27x186px, 183 distinct pictures, 7 colliding pairs
      SAME  plain-cloth  ==  lettered-cloth   (d=0)
      SAME  library-buckram  ==  plain-buckram   (d=0)
      SAME  parchment-roll  ==  scroll-case   (d=0)
      SAME  plain-wrapper  ==  offprint   (d=0)
      SAME  ruled-cloth  ==  diaper-paper   (d=1.51)
      SAME  plain-cloth  ==  patterned-boards   (d=1.53)
      SAME  lettered-cloth  ==  patterned-boards   (d=1.53)
      near  plain-cloth  ~~  rep-cloth   (d=2.02)
      near  lettered-cloth  ~~  rep-cloth   (d=2.02)
      near  plain-wrapper  ~~  news-quarto   (d=2.19)
      near  offprint  ~~  news-quarto   (d=2.19)
      near  paste-paper-book  ~~  coptic-sketchbook   (d=2.31)
      near  plain-cloth  ~~  banded-cloth   (d=2.63)
  ornaments … 50 entries, cell 27x186px, 45 distinct pictures, 6 colliding pairs
      SAME  30 Pomegranate  ==  44 Bell   (d=1.35)
      SAME  13 Acorn  ==  14 Thistle   (d=1.71)
      SAME  0 Diamond  ==  13 Acorn   (d=1.78)
      SAME  17 Compass rose  ==  26 Fleur-de-lis   (d=1.83)
      SAME  0 Diamond  ==  14 Thistle   (d=1.86)
      SAME  34 Lantern  ==  38 Pine cone   (d=1.97)
      near  0 Diamond  ~~  34 Lantern   (d=2.09)
      near  10 Tree  ~~  17 Compass rose   (d=2.11)
      near  18 Bee  ~~  31 Tulip   (d=2.24)
      near  37 Spectacles  ~~  42 Fish   (d=2.24)
      near  18 Bee  ~~  26 Fleur-de-lis   (d=2.32)
      near  19 Scallop shell  ~~  48 Snowflake   (d=2.32)
  plates … 50 entries, cell 27x186px, 39 distinct pictures, 26 colliding pairs
      SAME  none  ==  gilt-direct   (d=0)
      SAME  starred-ends  ==  lozenge-ends   (d=0.42)
      SAME  none  ==  twin-rules   (d=0.46)
      SAME  twin-rules  ==  gilt-direct   (d=0.46)
      SAME  starred-ends  ==  fleuron-ends   (d=0.59)
      SAME  roundel  ==  chamfered-plate   (d=0.81)
      SAME  fleuron-ends  ==  lozenge-ends   (d=0.88)
      SAME  none  ==  corner-brackets   (d=0.9)
      SAME  corner-brackets  ==  gilt-direct   (d=0.9)
      SAME  corner-brackets  ==  twin-rules   (d=0.96)
      SAME  twin-rules  ==  lozenge-ends   (d=1.18)
      SAME  none  ==  lozenge-ends   (d=1.25)
      near  corner-brackets  ~~  fleuron-ends   (d=2.02)
      near  debossed  ~~  blind-lettered   (d=2.11)
      near  triple-fillet  ~~  dotted-rule   (d=2.19)
      near  rope-frame  ~~  ribbon-band   (d=2.27)
      near  shield-plate  ~~  rope-frame   (d=2.44)
      near  blind-panel  ~~  sunk-panel   (d=2.53)
  edges … 50 entries, cell 27x186px, 1 distinct pictures, 1225 colliding pairs
      SAME  plain  ==  gilt   (d=0)
      SAME  plain  ==  marbled   (d=0)
      SAME  plain  ==  speckled   (d=0)
      SAME  plain  ==  sprinkled   (d=0)
      SAME  plain  ==  stained-red   (d=0)
      SAME  plain  ==  stained-blue   (d=0)
      SAME  plain  ==  stained-green   (d=0)
      SAME  plain  ==  yellow-edges   (d=0)
      SAME  plain  ==  top-gilt   (d=0)
      SAME  plain  ==  fore-edge-gilt   (d=0)
      SAME  plain  ==  all-edges-gilt   (d=0)
      SAME  plain  ==  gauffered   (d=0)
  charms … 18 entries, cell 27x186px, 3 distinct pictures, 45 colliding pairs
      SAME  ribbon/0  ==  tassel/0   (d=0)
      SAME  ribbon/0  ==  pressed-flower/0   (d=0)
      SAME  ribbon/0  ==  clasp/0   (d=0)
      SAME  ribbon/0  ==  wax-seal/0   (d=0)
      SAME  ribbon/0  ==  tag/0   (d=0)
      SAME  ribbon/7  ==  tassel/7   (d=0)
      SAME  ribbon/7  ==  pressed-flower/7   (d=0)
      SAME  ribbon/7  ==  clasp/7   (d=0)
      SAME  ribbon/7  ==  wax-seal/7   (d=0)
      SAME  ribbon/7  ==  tag/7   (d=0)
      SAME  ribbon/14  ==  tassel/14   (d=0)
      SAME  ribbon/14  ==  pressed-flower/14   (d=0)
  cloths … 50 entries, cell 27x186px, 50 distinct pictures
  builds … 52 entries, cell 240x259px, 51 distinct pictures, 1 colliding pairs
      SAME  windmill  ==  treehouse   (d=1.29)
      near  apothecary  ~~  mercantile   (d=2.13)
      near  gingerbread  ~~  carnival   (d=2.26)
      near  workbench  ~~  cabin   (d=2.49)
      near  plank  ~~  slab   (d=2.52)
      near  atelier  ~~  ladder   (d=2.75)
      near  pigeonhole  ~~  rookery   (d=2.81)
  patterns … 50 entries, cell 240x259px, 24 distinct pictures, 79 colliding pairs
      SAME  lunette  ==  sunburst   (d=0.41)
      SAME  gadroon  ==  barleyTwist   (d=0.65)
      SAME  waterLeaf  ==  dogtooth   (d=0.66)
      SAME  rope  ==  gadroon   (d=0.75)
      SAME  gadroon  ==  bobbin   (d=0.77)
      SAME  greekKey  ==  lattice   (d=0.77)
      SAME  rope  ==  barleyTwist   (d=0.79)
      SAME  beadReel  ==  lozenge   (d=0.9)
      SAME  vitruvian  ==  lozenge   (d=0.94)
      SAME  dogtooth  ==  chineseFret   (d=0.94)
      SAME  waterLeaf  ==  chineseFret   (d=0.96)
      SAME  bobbin  ==  barleyTwist   (d=0.99)
      near  barleyTwist  ~~  trefoil   (d=2.02)
      near  beaded  ~~  chevron   (d=2.04)
      near  greekKey  ~~  lozenge   (d=2.05)
      near  waterLeaf  ~~  vitruvian   (d=2.05)
      near  bobbin  ~~  lozenge   (d=2.07)
      near  vitruvian  ~~  blindArcade   (d=2.1)
  wallpapers-0 … 63 entries, cell 168x126px, 63 distinct pictures
      near  pin-quiet  ~~  pin-study   (d=3.32)
  wallpapers-1 … 63 entries, cell 168x126px, 63 distinct pictures
  cover-full … 4 entries, cell 472x656px, 4 distinct pictures
  cover-frames … 50 entries, cell 236x328px, 3 distinct pictures, 465 colliding pairs
      SAME  1 Corner Dots  ==  8 Lozenge Corners   (d=0.33)
      SAME  10 Side Ticks  ==  11 Side Dots   (d=0.35)
      SAME  11 Side Dots  ==  14 Centred Lozenge   (d=0.37)
      SAME  15 Double with Dots  ==  16 Double with Rings   (d=0.41)
      SAME  2 Double Rule  ==  18 Double with Ticks   (d=0.43)
      SAME  37 Banded & Dots  ==  38 Banded & Rings   (d=0.44)
      SAME  11 Side Dots  ==  13 Paired Sides   (d=0.46)
      SAME  0 Plain Rule  ==  10 Side Ticks   (d=0.47)
      SAME  0 Plain Rule  ==  11 Side Dots   (d=0.49)
      SAME  13 Paired Sides  ==  14 Centred Lozenge   (d=0.54)
      SAME  0 Plain Rule  ==  9 Round Rule   (d=0.55)
      SAME  15 Double with Dots  ==  25 Fillet & Dots   (d=0.55)
      near  2 Double Rule  ~~  26 Fillet & Fleurons   (d=2)
      near  2 Double Rule  ~~  33 Triple Square   (d=2)
      near  14 Centred Lozenge  ~~  15 Double with Dots   (d=2)
      near  20 Double Ogee  ~~  32 Triple Lozenge   (d=2)
      near  27 Fillet Ogee  ~~  29 Fine Fillet & Ring   (d=2)
      near  41 Banded Ogee  ~~  43 Banded Fleuron   (d=2)
  cover-medallions … 50 entries, cell 189x189px, 49 distinct pictures, 1 colliding pairs
      SAME  34 Lantern  ==  44 Bell   (d=1.63)
      near  18 Bee  ~~  23 Rosette   (d=2.01)
      near  44 Bell  ~~  45 Little ship   (d=2.13)
      near  14 Thistle  ~~  34 Lantern   (d=2.15)
      near  30 Pomegranate  ~~  44 Bell   (d=2.24)
      near  0 Diamond  ~~  13 Acorn   (d=2.28)
      near  10 Tree  ~~  45 Little ship   (d=2.29)
  cover-hands … 50 entries, cell 396x131px, 34 distinct pictures, 17 colliding pairs
      SAME  44 Engraved  ==  47 Colophon   (d=0.43)
      SAME  46 Imprint  ==  48 Modern   (d=0.89)
      SAME  2 Patrick Hand  ==  27 Closely Set   (d=0.93)
      SAME  38 Drafting  ==  42 Ticket   (d=1.12)
      SAME  14 Light Kalam  ==  23 Whisper   (d=1.25)
      SAME  7 Dedication  ==  8 Fine Script   (d=1.42)
      SAME  30 Slanted  ==  35 Long Title   (d=1.43)
      SAME  47 Colophon  ==  49 Archive   (d=1.66)
      SAME  31 Small Caps  ==  32 Shelf Label   (d=1.7)
      SAME  28 Quiet  ==  34 Pocket   (d=1.75)
      SAME  0 Caveat  ==  4 Flourished   (d=1.79)
      SAME  25 Plain Set  ==  34 Pocket   (d=1.84)
      near  11 Spencerian  ~~  12 Vellum Hand   (d=2)
      near  44 Engraved  ~~  45 Stencil   (d=2.02)
      near  5 Presentation  ~~  11 Spencerian   (d=2.04)
      near  4 Flourished  ~~  8 Fine Script   (d=2.08)
      near  27 Closely Set  ~~  35 Long Title   (d=2.09)
      near  43 Printed  ~~  46 Imprint   (d=2.11)
  cover-charms … 6 entries, cell 472x656px, 6 distinct pictures
      near  pressed-flower  ~~  wax-seal   (d=2.33)
  cover-edges … 50 entries, cell 76x590px, 4 distinct pictures, 1081 colliding pairs
      SAME  plain  ==  sprinkled   (d=0)
      SAME  plain  ==  stained-red   (d=0)
      SAME  plain  ==  stained-blue   (d=0)
      SAME  plain  ==  stained-green   (d=0)
      SAME  plain  ==  yellow-edges   (d=0)
      SAME  plain  ==  top-gilt   (d=0)
      SAME  plain  ==  fore-edge-gilt   (d=0)
      SAME  plain  ==  all-edges-gilt   (d=0)
      SAME  plain  ==  gauffered   (d=0)
      SAME  plain  ==  rough-cut   (d=0)
      SAME  plain  ==  deckle   (d=0)
      SAME  plain  ==  uncut   (d=0)
      near  plain  ~~  speckled   (d=5.08)
      near  speckled  ~~  sprinkled   (d=5.08)
      near  speckled  ~~  stained-red   (d=5.08)
      near  speckled  ~~  stained-blue   (d=5.08)
      near  speckled  ~~  stained-green   (d=5.08)
      near  speckled  ~~  yellow-edges   (d=5.08)

wrote 19 axis reports → shots-now/roster/report.json
