  dismissed the tour

0. open a book and its studio
  opened: {"id":"VoYskJuhL0kXA_6GjxbPf","title":"Welcome to Alcove ✎"}
  shot qa/ui/axes-00-studio.png

1.1 Ornament stamp — remove one, and put it back
  ok    Ornament stamp: the row is on screen  — 51 chips
  ok    Ornament stamp: right-click opens the menu, naming the chip  — menu said “none”, chip says “none”
  shot qa/ui/axes-01-chip-menu.png
  ok    Ornament stamp: the removed chip left the row  — none
  ok    Ornament stamp: the store recorded exactly one removal  — -1
  ok    Ornament stamp: the row is one shorter  — 51 → 50
  ok    Ornament stamp: the drawer names it, so it can be asked for back  — none
  shot qa/ui/axes-02-drawer.png
  ok    Ornament stamp: it came back to the row  — none
  ok    Ornament stamp: and back out of the drawer

1.2 Title plate — remove one, and put it back
  ok    Title plate: the row is on screen  — 50 chips
  ok    Title plate: right-click opens the menu, naming the chip  — menu said “none”, chip says “none”
  ok    Title plate: the removed chip left the row  — none
  ok    Title plate: the store recorded exactly one removal  — none
  ok    Title plate: the row is one shorter  — 50 → 49
  ok    Title plate: the drawer names it, so it can be asked for back  — none
  ok    Title plate: it came back to the row  — none
  ok    Title plate: and back out of the drawer

1.3 Charm — remove one, and put it back
  ok    Charm: the row is on screen  — 7 chips
  ok    Charm: right-click opens the menu, naming the chip  — menu said “ribbon marker”, chip says “ribbon marker”
  ok    Charm: the removed chip left the row  — ribbon marker
  ok    Charm: the store recorded exactly one removal  — ribbon
  ok    Charm: the row is one shorter  — 7 → 6
  ok    Charm: the drawer names it, so it can be asked for back  — ribbon marker
  ok    Charm: it came back to the row  — ribbon marker
  ok    Charm: and back out of the drawer

1.4 Cover medallion — remove one, and put it back
  ok    Cover medallion: the row is on screen  — 8 chips
  ok    Cover medallion: right-click opens the menu, naming the chip  — menu said “diamond”, chip says “diamond”
  ok    Cover medallion: the removed chip left the row  — diamond
  ok    Cover medallion: the store recorded exactly one removal  — 0
  ok    Cover medallion: the row is one shorter  — 8 → 7
  ok    Cover medallion: the drawer names it, so it can be asked for back  — diamond
  ok    Cover medallion: it came back to the row  — diamond
  ok    Cover medallion: and back out of the drawer

1.5 Book format — remove one, and put it back
  ok    Book format: the row is on screen  — 5 chips
  ok    Book format: right-click opens the menu, naming the chip  — menu said “folio”, chip says “folio”
  ok    Book format: the removed chip left the row  — folio
  ok    Book format: the store recorded exactly one removal  — folio
  ok    Book format: the row is one shorter  — 5 → 4
  ok    Book format: the drawer names it, so it can be asked for back  — folio
  ok    Book format: it came back to the row  — folio
  ok    Book format: and back out of the drawer

2. star the last ornament twice: it should lead its row
  ok    a two-star chip leads its row  — “heart” was last
  ok    the gilt plate is drawn on the chip
  shot qa/ui/axes-03-starred.png

3. remove a format, then re-roll the format twenty times
  removed “folio” of folio, quarto, octavo, duodecimo, pocket
  ok    the roll pool is one smaller  — 4 of 5
  ok    the removed format left the roll pool  — folio
  twenty rolls landed on: duodecimo, quarto, pocket, octavo
  ok    the dice actually moved  — 4 distinct formats
  ok    twenty rolls, and never the removed one  — folio
  shot qa/ui/axes-04-dice.png

4. the page-style cards take the same right-click
  page styles: Ruled lines, Grid squares, Blank paper, Dot grid
  ok    the removed ruling left the grid  — Grid squares
  ok    and the store knows it, on its own axis
  shot qa/ui/axes-05-page-style.png
  ok    and the drawer gave the ruling back  — Grid squares
  ok    every ruling still draws at its full 64x46  — Dot grid 64x46, Ruled lines 64x46, Grid squares 64x46, Blank paper 64x46
  ok    and a two-star ruling leads the grid  — Dot grid
  shot qa/ui/axes-05b-page-style-starred.png

5. the catalogue: a sticker and a piece of stationery
  — stickers
  ok    stickers: tiles on screen  — 20
  ok    stickers: the removed tile left the shelf  — sticker-star
  ok    stickers: filed under 'sticker'  — sticker-star
  ok    stickers: and the search does not hand it back  — sticker-star
  ok    stickers: the drawer gave it back  — sticker-star
  ok    stickers: a two-star tile leads the shelf  — sticker-snowflake
  ok    stickers: the gilt plate is drawn on the tile
  shot qa/ui/axes-06-sticker.png
  — paper & cards
  ok    paper & cards: tiles on screen  — 20
  ok    paper & cards: the removed tile left the shelf  — cmd-sticky-note
  ok    paper & cards: filed under 'stationery'  — cmd-sticky-note
  ok    paper & cards: and the search does not hand it back  — cmd-sticky-note
  ok    paper & cards: the drawer gave it back  — cmd-sticky-note
  ok    paper & cards: a two-star tile leads the shelf  — cmd-columns
  ok    paper & cards: the gilt plate is drawn on the tile
  shot qa/ui/axes-06-stationery.png

6. a sound set, removed from Settings
  shortlist: House, Loose Leaf, Reading Room, Brass Bell, Drafting Table, Quiet Hours, Paper Birds
  ok    the removed set left the row  — Loose Leaf
  ok    and the store filed it under 'sound-set'
  shot qa/ui/axes-07-sound-set.png
  ok    and the drawer gave the set back  — Loose Leaf

=== page errors ===
none

=== ALL CHECKS PASSED ===
