
0. open a book and its studio
  opened: {"id":"AmMztHTUmOXq-m8tDiwT5","title":"Welcome to Alcove ✎"}

1. the nine rows the claim names, counted on screen
  ok    “Binding material” is a group on screen  — 8 chips
  ok    “Ornament stamp” is a group on screen  — 51 chips
  ok    “Title plate” is a group on screen  — 50 chips
  ok    “Title lettering” is a group on screen  — 4 chips
  ok    “Edge treatment” is a group on screen  — 50 chips
  ok    “Book format” is a group on screen  — 5 chips
  ok    “Charm” is a group on screen  — 7 chips
  ok    “Cover frame” is a group on screen  — 4 chips
  ok    “Cover medallion” is a group on screen  — 8 chips
  shot qa/tmp/refute-00-studio.png

2.1 Binding material — remove one, prove it left, put it back
  ok    Binding material: found a chip the book is not wearing  — index 1
  ok    Binding material: the menu names the chip that was right-clicked  — menu “cloth” vs chip “cloth”
  ok    Binding material: the removed chip left the row  — cloth
  ok    Binding material: the row is exactly one shorter  — 8 → 7
  ok    Binding material: the store grew one removal on its own axis 'binding-material'  — cloth
  ok    Binding material: the restore drawer names it  — cloth
  ok    Binding material: it came back  — cloth
  ok    Binding material: and the store is back where it started

2.2 Title lettering — remove one, prove it left, put it back
  ok    Title lettering: found a chip the book is not wearing  — index 1
  ok    Title lettering: the menu names the chip that was right-clicked  — menu “Kalam” vs chip “Kalam”
  ok    Title lettering: the removed chip left the row  — Kalam
  ok    Title lettering: the row is exactly one shorter  — 4 → 3
  ok    Title lettering: the store grew one removal on its own axis 'lettering'  — 1
  ok    Title lettering: the restore drawer names it  — Kalam
  ok    Title lettering: it came back  — Kalam
  ok    Title lettering: and the store is back where it started

2.3 Edge treatment — remove one, prove it left, put it back
  ok    Edge treatment: found a chip the book is not wearing  — index 0
  ok    Edge treatment: the menu names the chip that was right-clicked  — menu “plain” vs chip “plain”
  ok    Edge treatment: the removed chip left the row  — plain
  ok    Edge treatment: the row is exactly one shorter  — 50 → 49
  ok    Edge treatment: the store grew one removal on its own axis 'edge'  — plain
  ok    Edge treatment: the restore drawer names it  — plain
  ok    Edge treatment: it came back  — plain
  ok    Edge treatment: and the store is back where it started

2.4 Cover frame — remove one, prove it left, put it back
  ok    Cover frame: found a chip the book is not wearing  — index 1
  ok    Cover frame: the menu names the chip that was right-clicked  — menu “corners” vs chip “corners”
  ok    Cover frame: the removed chip left the row  — corners
  ok    Cover frame: the row is exactly one shorter  — 4 → 3
  ok    Cover frame: the store grew one removal on its own axis 'cover-frame'  — 1
  ok    Cover frame: the restore drawer names it  — corners
  ok    Cover frame: it came back  — corners
  ok    Cover frame: and the store is back where it started
  shot qa/tmp/refute-01-four-rows.png

3. star the last edge treatment twice: it should lead its row
  ok    a two-star edge leads its row  — “well thumbed” was last of 50
  ok    the gilt plate is drawn on the chip

4. remove an edge, then roll “wear & edges” thirty times
  removed “well thumbed” of 50
  thirty rolls landed on: agate, tea stained, foxed, landscape edge, peacock, blue edges, ink edges, sepia edges, rough cut, all edges gilt, violet edges, burnished, mottled, rose edges, stippled, green edges, plain, gauffered, two tone, yellow edges, copper, painted fore-edge, striped
  ok    the edge dice actually moved  — 23 distinct edges
  ok    thirty rolls, and never the removed edge  — well thumbed

4b. remove a covering, then roll “covering” twenty-five times
  removed “cloth”; twenty-five rolls landed on: vellum, leather, silk, linen, marbled boards, paper
  ok    the covering dice actually moved  — 6 distinct coverings
  ok    twenty-five rolls, and never the removed covering  — cloth

5. reload (localStorage kept) and look at the row again
  hidden on "edge" before the reload: well-thumbed
  ok    the removal was written down and read back  — well-thumbed → well-thumbed
  ok    and the row still does not offer it after a reload  — 49 chips
  shot qa/tmp/refute-02-after-reload.png

6. tidy up: everything back on the edge row
  ok    nothing left removed on edge
  ok    and the row offers it again  — well thumbed

=== page errors ===
none

=== ALL CHECKS PASSED ===
