turn 0 types: ["card","banner","quote-card","tag"]
turn 1 types: ["card","sticky-note","tag","banner"]
turn 2 types: ["card","quote-card","tag","taskList","sticky-note"]
turn 3 types: ["sticky-note","footnote","card","index-card","quote-card","tag","taskList"]
turn 4 types: ["taskList","marginalia","card","index-card"]
turn 5 types: ["card","index-card","quote-card","tag","marginalia","envelope"]
turn 6 types: ["stamp","postcard","wax-seal","card","index-card"]
page turn 6: {
 "cards": [
  {
   "text": "Message on the left, address lines on the right, and no room for either. Ran out on the fr",
   "offsetH": 234,
   "scrollH": 232,
   "clientH": 232,
   "overflowY": 0,
   "clientW": 424,
   "paddingRight": "228.828px",
   "pastRule": 231,
   "lastBottomGapPx": 0
  }
 ],
 "caps": []
}
turn 7 types: ["pressed-flower","ticket-stub","map-pin","card","stamp","postcard","wax-seal"]
page turn 7: {
 "cards": [
  {
   "text": "Message on the left, address lines on the right, and no room for either. Ran out on the fr",
   "offsetH": 234,
   "scrollH": 232,
   "clientH": 232,
   "overflowY": 0,
   "clientW": 424,
   "paddingRight": "229px",
   "pastRule": 231,
   "lastBottomGapPx": 0
  }
 ],
 "caps": []
}
turn 8 types: ["sticky-note","washi-box","index-card","details","detailsContent","card"]
turn 9 types: ["card","columns","col","polaroid","photo-corner","sticky-note","washi-box","index-card","details","detailsContent"]
page turn 9: {
 "cards": [],
 "caps": [
  {
   "tag": "TEXTAREA",
   "value": "Has plans",
   "textW": 57.6,
   "boxW": 102,
   "offsetH": 20,
   "scrollH": 20,
   "hiddenH": 0,
   "oneLineOverflowPx": -44.4
  },
  {
   "tag": "TEXTAREA",
   "value": "On the good chair",
   "textW": 106.7,
   "boxW": 102,
   "offsetH": 39,
   "scrollH": 39,
   "hiddenH": 0,
   "oneLineOverflowPx": 4.7
  },
  {
   "tag": "TEXTAREA",
   "value": "His box now",
   "textW": 72.8,
   "boxW": 102,
   "offsetH": 20,
   "scrollH": 20,
   "hiddenH": 0,
   "oneLineOverflowPx": -29.2
  },
  {
   "tag": "TEXTAREA",
   "value": "",
   "textW": 0,
   "boxW": 135,
   "offsetH": 20,
   "scrollH": 20,
   "hiddenH": 0,
   "oneLineOverflowPx": -135
  }
 ]
}
turn 10 types: ["columns","col","card","marginalia"]
page turn 10: {
 "cards": [],
 "caps": [
  {
   "tag": "TEXTAREA",
   "value": "Has plans",
   "textW": 57.6,
   "boxW": 102,
   "offsetH": 20,
   "scrollH": 20,
   "hiddenH": 0,
   "oneLineOverflowPx": -44.4
  },
  {
   "tag": "TEXTAREA",
   "value": "On the good chair",
   "textW": 106.7,
   "boxW": 102,
   "offsetH": 39,
   "scrollH": 39,
   "hiddenH": 0,
   "oneLineOverflowPx": 4.7
  },
  {
   "tag": "TEXTAREA",
   "value": "His box now",
   "textW": 72.8,
   "boxW": 102,
   "offsetH": 20,
   "scrollH": 20,
   "hiddenH": 0,
   "oneLineOverflowPx": -29.2
  }
 ]
}
turn 11 types: ["card","tag","marginalia"]
turn 12 types: ["card","tag"]
turn 13 types: ["quote-card","card"]
turn 14 types: []
turn 15 types: ["card","sticky-note","tag"]
turn 16 types: ["card","sticky-note","tag"]
turn 17 types: ["card","sticky-note","tag"]
turn 18 types: ["card","quote-card","tag","taskList","sticky-note"]
turn 19 types: ["sticky-note","footnote","card","index-card","taskList","marginalia"]

FOUND SPREAD: null
