  page: 592px measure, 20px "Patrick Hand", band 32px (measured live)
  vocabulary: 472 values across 11 axes
  tape-01: 16 values, board 1600x1930
  tape-02: 16 values, board 1600x1930
  tape-03: 16 values, board 1600x1930
  tape-04: 2 values, board 1600x1930
  washi-01: 16 values, board 1600x1930
  washi-02: 16 values, board 1600x1930
  washi-03: 16 values, board 1600x1930
  washi-04: 2 values, board 1600x1930
  shadow-01: 16 values, board 1600x1930
  shadow-02: 16 values, board 1600x1930
  shadow-03: 16 values, board 1600x1930
  shadow-04: 2 values, board 1600x1930
  frame-01: 16 values, board 1600x1930
  frame-02: 16 values, board 1600x1930
  frame-03: 16 values, board 1600x1930
  frame-04: 2 values, board 1600x1930
  paper-01: 16 values, board 1600x1930
  paper-02: 16 values, board 1600x1930
  paper-03: 16 values, board 1600x1930
  paper-04: 2 values, board 1600x1930
  underline-01: 16 values, board 1600x1930
  underline-02: 16 values, board 1600x1930
  underline-03: 16 values, board 1600x1930
  underline-04: 2 values, board 1600x1930
  font-01: 16 values, board 1600x1930 (lettering/colour — eye only)
  font-02: 16 values, board 1600x1930 (lettering/colour — eye only)
  font-03: 16 values, board 1600x1930 (lettering/colour — eye only)
  font-04: 2 values, board 1600x1930 (lettering/colour — eye only)
  ink-01: 16 values, board 1600x1930 (lettering/colour — eye only)
  ink-02: 16 values, board 1600x1930 (lettering/colour — eye only)
  ink-03: 16 values, board 1600x1930 (lettering/colour — eye only)
  ink-04: 2 values, board 1600x1930 (lettering/colour — eye only)
  size-01: 12 values, board 1600x1930 (lettering/colour — eye only)
  align-01: 10 values, board 1600x1930 (lettering/colour — eye only)
  color-01: 16 values, board 1600x1930 (lettering/colour — eye only)
  color-02: 16 values, board 1600x1930 (lettering/colour — eye only)
  color-03: 16 values, board 1600x1930 (lettering/colour — eye only)
  color-04: 2 values, board 1600x1930 (lettering/colour — eye only)

  472 values rendered, boards in shots-now/effects-sweep/

  568 flagged:
    tape=top            lies across its own words (87.7% of the block's ink moved)   [tape-01]
    tape=corner         lies across its own words (87.7% of the block's ink moved)   [tape-01]
    tape=both           lands on the NEIGHBOURING paragraphs' words (91.1% of their ink moved)   [tape-01]
    tape=both           lies across its own words (87.2% of the block's ink moved)   [tape-01]
    tape=both           39% of what it draws is off the block   [tape-01]
    tape=left           lands on the NEIGHBOURING paragraphs' words (91.0% of their ink moved)   [tape-01]
    tape=left           lies across its own words (87.7% of the block's ink moved)   [tape-01]
    tape=right          lands on the NEIGHBOURING paragraphs' words (89.3% of their ink moved)   [tape-01]
    tape=right          lies across its own words (86.4% of the block's ink moved)   [tape-01]
    tape=right          36% of what it draws is off the block   [tape-01]
    tape=bottom         lands on the NEIGHBOURING paragraphs' words (89.5% of their ink moved)   [tape-01]
    tape=bottom         lies across its own words (86.4% of the block's ink moved)   [tape-01]
    tape=bottom         54% of what it draws is off the block   [tape-01]
    tape=cross          lands on the NEIGHBOURING paragraphs' words (74.4% of their ink moved)   [tape-01]
    tape=cross          lies across its own words (100.0% of the block's ink moved)   [tape-01]
    tape=cross          44% of what it draws is off the block   [tape-01]
    tape=quad           lands on the NEIGHBOURING paragraphs' words (87.3% of their ink moved)   [tape-01]
    tape=quad           lies across its own words (100.0% of the block's ink moved)   [tape-01]
    tape=quad           66% of what it draws is off the block   [tape-01]
    tape=band           lands on the NEIGHBOURING paragraphs' words (99.9% of their ink moved)   [tape-01]
    tape=band           lies across its own words (99.9% of the block's ink moved)   [tape-01]
    tape=band           33% of what it draws is off the block   [tape-01]
    tape=sliver         lands on the NEIGHBOURING paragraphs' words (99.9% of their ink moved)   [tape-01]
    tape=sliver         lies across its own words (99.9% of the block's ink moved)   [tape-01]
    tape=sliver         44% of what it draws is off the block   [tape-01]
    tape=twin           lands on the NEIGHBOURING paragraphs' words (99.8% of their ink moved)   [tape-01]
    tape=twin           lies across its own words (99.6% of the block's ink moved)   [tape-01]
    tape=twin           30% of what it draws is off the block   [tape-01]
    tape=triple         lands on the NEIGHBOURING paragraphs' words (99.8% of their ink moved)   [tape-01]
    tape=triple         lies across its own words (99.6% of the block's ink moved)   [tape-01]
    tape=triple         28% of what it draws is off the block   [tape-01]
    tape=ladder         lands on the NEIGHBOURING paragraphs' words (99.6% of their ink moved)   [tape-01]
    tape=ladder         lies across its own words (99.6% of the block's ink moved)   [tape-01]
    tape=seam           lands on the NEIGHBOURING paragraphs' words (99.6% of their ink moved)   [tape-01]
    tape=seam           lies across its own words (99.6% of the block's ink moved)   [tape-01]
    tape=splice         100% of what it draws is off the block   [tape-01]
    tape=vee            100% of what it draws is off the block   [tape-01]
    tape=masking        lies across its own words (87.7% of the block's ink moved)   [tape-02]
    tape=parcel         lies across its own words (87.7% of the block's ink moved)   [tape-02]
    tape=duct           lands on the NEIGHBOURING paragraphs' words (91.1% of their ink moved)   [tape-02]
    tape=duct           lies across its own words (87.8% of the block's ink moved)   [tape-02]
    tape=duct           39% of what it draws is off the block   [tape-02]
    tape=gaffer         lands on the NEIGHBOURING paragraphs' words (91.1% of their ink moved)   [tape-02]
    tape=gaffer         lies across its own words (85.3% of the block's ink moved)   [tape-02]
    tape=gaffer         40% of what it draws is off the block   [tape-02]
    tape=electric       lands on the NEIGHBOURING paragraphs' words (89.6% of their ink moved)   [tape-02]
    tape=electric       lies across its own words (100.0% of the block's ink moved)   [tape-02]
    tape=electric       53% of what it draws is off the block   [tape-02]
    tape=surgical       lands on the NEIGHBOURING paragraphs' words (89.6% of their ink moved)   [tape-02]
    tape=surgical       lies across its own words (100.0% of the block's ink moved)   [tape-02]
    tape=surgical       54% of what it draws is off the block   [tape-02]
    tape=frosted        lands on the NEIGHBOURING paragraphs' words (82.2% of their ink moved)   [tape-02]
    tape=frosted        lies across its own words (98.9% of the block's ink moved)   [tape-02]
    tape=frosted        59% of what it draws is off the block   [tape-02]
    tape=glassy         lands on the NEIGHBOURING paragraphs' words (82.2% of their ink moved)   [tape-02]
    tape=glassy         lies across its own words (100.0% of the block's ink moved)   [tape-02]
    tape=glassy         61% of what it draws is off the block   [tape-02]
    tape=crepe          lands on the NEIGHBOURING paragraphs' words (100.0% of their ink moved)   [tape-02]
    tape=crepe          lies across its own words (99.6% of the block's ink moved)   [tape-02]
    tape=crepe          51% of what it draws is off the block   [tape-02]
    tape=gummed         lands on the NEIGHBOURING paragraphs' words (100.0% of their ink moved)   [tape-02]
    tape=gummed         lies across its own words (99.6% of the block's ink moved)   [tape-02]
    tape=gummed         50% of what it draws is off the block   [tape-02]
    tape=strapping      lands on the NEIGHBOURING paragraphs' words (99.9% of their ink moved)   [tape-02]
    tape=strapping      lies across its own words (99.9% of the block's ink moved)   [tape-02]
    tape=strapping      42% of what it draws is off the block   [tape-02]
    tape=bookcloth      lands on the NEIGHBOURING paragraphs' words (100.0% of their ink moved)   [tape-02]
    tape=bookcloth      lies across its own words (99.6% of the block's ink moved)   [tape-02]
    tape=bookcloth      39% of what it draws is off the block   [tape-02]
    tape=kraft          lands on the NEIGHBOURING paragraphs' words (99.8% of their ink moved)   [tape-02]
    tape=kraft          lies across its own words (99.4% of the block's ink moved)   [tape-02]
    tape=kraft          30% of what it draws is off the block   [tape-02]
    tape=foilstrip      lands on the NEIGHBOURING paragraphs' words (99.8% of their ink moved)   [tape-02]
    tape=foilstrip      lies across its own words (99.3% of the block's ink moved)   [tape-02]
    tape=foilstrip      31% of what it draws is off the block   [tape-02]
    tape=staple         100% of what it draws is off the block   [tape-02]
    tape=clip           100% of what it draws is off the block   [tape-02]
    tape=bulldog        lies across its own words (87.7% of the block's ink moved)   [tape-03]
    tape=pushpin        lies across its own words (87.7% of the block's ink moved)   [tape-03]
    tape=tack           lands on the NEIGHBOURING paragraphs' words (91.0% of their ink moved)   [tape-03]
    tape=tack           lies across its own words (87.7% of the block's ink moved)   [tape-03]
    tape=eyelet         lands on the NEIGHBOURING paragraphs' words (91.0% of their ink moved)   [tape-03]
    tape=eyelet         lies across its own words (87.7% of the block's ink moved)   [tape-03]
    tape=studded        lands on the NEIGHBOURING paragraphs' words (91.5% of their ink moved)   [tape-03]
    tape=studded        lies across its own words (86.4% of the block's ink moved)   [tape-03]
    tape=studded        59% of what it draws is off the block   [tape-03]
    tape=brad           lands on the NEIGHBOURING paragraphs' words (91.1% of their ink moved)   [tape-03]
    tape=brad           lies across its own words (86.4% of the block's ink moved)   [tape-03]
    tape=brad           43% of what it draws is off the block   [tape-03]
    tape=grommet        lands on the NEIGHBOURING paragraphs' words (75.0% of their ink moved)   [tape-03]
    tape=grommet        lies across its own words (100.0% of the block's ink moved)   [tape-03]
    tape=grommet        48% of what it draws is off the block   [tape-03]
    tape=wax            lands on the NEIGHBOURING paragraphs' words (82.2% of their ink moved)   [tape-03]
    tape=wax            lies across its own words (100.0% of the block's ink moved)   [tape-03]
    tape=wax            60% of what it draws is off the block   [tape-03]
    tape=ribbon         lands on the NEIGHBOURING paragraphs' words (99.7% of their ink moved)   [tape-03]
    tape=ribbon         lies across its own words (100.0% of the block's ink moved)   [tape-03]
    tape=ribbon         42% of what it draws is off the block   [tape-03]
    tape=string         lands on the NEIGHBOURING paragraphs' words (100.0% of their ink moved)   [tape-03]
    tape=string         lies across its own words (99.6% of the block's ink moved)   [tape-03]
    tape=string         53% of what it draws is off the block   [tape-03]
    tape=mounts         lands on the NEIGHBOURING paragraphs' words (99.8% of their ink moved)   [tape-03]
    tape=mounts         lies across its own words (99.9% of the block's ink moved)   [tape-03]
    tape=mounts         51% of what it draws is off the block   [tape-03]
    tape=pouch          lands on the NEIGHBOURING paragraphs' words (99.9% of their ink moved)   [tape-03]
    tape=pouch          lies across its own words (99.6% of the block's ink moved)   [tape-03]
    tape=pouch          37% of what it draws is off the block   [tape-03]
    tape=dogear         lands on the NEIGHBOURING paragraphs' words (99.6% of their ink moved)   [tape-03]
    tape=dogear         lies across its own words (99.6% of the block's ink moved)   [tape-03]
    tape=hinge          lands on the NEIGHBOURING paragraphs' words (99.6% of their ink moved)   [tape-03]
    tape=hinge          lies across its own words (99.6% of the block's ink moved)   [tape-03]
    tape=patch          100% of what it draws is off the block   [tape-03]
    tape=ripped         100% of what it draws is off the block   [tape-03]
    tape=curled         lies across its own words (87.9% of the block's ink moved)   [tape-04]
    tape=yellowed       lies across its own words (87.7% of the block's ink moved)   [tape-04]
    washi=top            lies across its own words (87.7% of the block's ink moved)   [washi-01]
    washi=corner         lands on the NEIGHBOURING paragraphs' words (91.1% of their ink moved)   [washi-01]
    washi=corner         lies across its own words (87.0% of the block's ink moved)   [washi-01]
    washi=corner         42% of what it draws is off the block   [washi-01]
    washi=bottom         lands on the NEIGHBOURING paragraphs' words (91.1% of their ink moved)   [washi-01]
    washi=bottom         lies across its own words (87.8% of the block's ink moved)   [washi-01]
    washi=bottom         32% of what it draws is off the block   [washi-01]
    washi=right          lands on the NEIGHBOURING paragraphs' words (89.3% of their ink moved)   [washi-01]
    washi=right          lies across its own words (86.4% of the block's ink moved)   [washi-01]
    washi=right          37% of what it draws is off the block   [washi-01]
    washi=cross          lands on the NEIGHBOURING paragraphs' words (89.4% of their ink moved)   [washi-01]
    washi=cross          lies across its own words (92.9% of the block's ink moved)   [washi-01]
    washi=cross          25% of what it draws is off the block   [washi-01]
    washi=edge           lands on the NEIGHBOURING paragraphs' words (92.4% of their ink moved)   [washi-01]
    washi=edge           lies across its own words (93.1% of the block's ink moved)   [washi-01]
    washi=edge           42% of what it draws is off the block   [washi-01]
    washi=stripe         lands on the NEIGHBOURING paragraphs' words (89.9% of their ink moved)   [washi-01]
    washi=stripe         lies across its own words (100.0% of the block's ink moved)   [washi-01]
    washi=stripe         47% of what it draws is off the block   [washi-01]
    washi=pinstripe      lands on the NEIGHBOURING paragraphs' words (100.0% of their ink moved)   [washi-01]
    washi=pinstripe      lies across its own words (99.6% of the block's ink moved)   [washi-01]
    washi=pinstripe      47% of what it draws is off the block   [washi-01]
    washi=gingham        lands on the NEIGHBOURING paragraphs' words (100.0% of their ink moved)   [washi-01]
    washi=gingham        lies across its own words (99.6% of the block's ink moved)   [washi-01]
    washi=gingham        46% of what it draws is off the block   [washi-01]
    washi=check          lands on the NEIGHBOURING paragraphs' words (99.9% of their ink moved)   [washi-01]
    washi=check          lies across its own words (99.9% of the block's ink moved)   [washi-01]
    washi=check          39% of what it draws is off the block   [washi-01]
    washi=tartan         lands on the NEIGHBOURING paragraphs' words (99.8% of their ink moved)   [washi-01]
    washi=tartan         lies across its own words (99.9% of the block's ink moved)   [washi-01]
    washi=tartan         39% of what it draws is off the block   [washi-01]
    washi=plaid          lands on the NEIGHBOURING paragraphs' words (99.8% of their ink moved)   [washi-01]
    washi=plaid          lies across its own words (99.5% of the block's ink moved)   [washi-01]
    washi=plaid          29% of what it draws is off the block   [washi-01]
    washi=chevron        lands on the NEIGHBOURING paragraphs' words (99.8% of their ink moved)   [washi-01]
    washi=chevron        lies across its own words (99.4% of the block's ink moved)   [washi-01]
    washi=chevron        29% of what it draws is off the block   [washi-01]
    washi=herringbone    100% of what it draws is off the block   [washi-01]
    washi=zigzag         100% of what it draws is off the block   [washi-01]
    washi=wavy           lies across its own words (87.7% of the block's ink moved)   [washi-02]
    washi=scalloped      lies across its own words (87.7% of the block's ink moved)   [washi-02]
    washi=diamond        lands on the NEIGHBOURING paragraphs' words (91.1% of their ink moved)   [washi-02]
    washi=diamond        lies across its own words (86.4% of the block's ink moved)   [washi-02]
    washi=diamond        36% of what it draws is off the block   [washi-02]
    washi=argyle         lands on the NEIGHBOURING paragraphs' words (91.2% of their ink moved)   [washi-02]
    washi=argyle         lies across its own words (86.3% of the block's ink moved)   [washi-02]
    washi=argyle         36% of what it draws is off the block   [washi-02]
    washi=lattice        lands on the NEIGHBOURING paragraphs' words (90.0% of their ink moved)   [washi-02]
    washi=lattice        lies across its own words (100.0% of the block's ink moved)   [washi-02]
    washi=lattice        47% of what it draws is off the block   [washi-02]
    washi=honeycomb      lands on the NEIGHBOURING paragraphs' words (89.8% of their ink moved)   [washi-02]
    washi=honeycomb      lies across its own words (97.6% of the block's ink moved)   [washi-02]
    washi=honeycomb      47% of what it draws is off the block   [washi-02]
    washi=brickwork      lands on the NEIGHBOURING paragraphs' words (82.2% of their ink moved)   [washi-02]
    washi=brickwork      lies across its own words (100.0% of the block's ink moved)   [washi-02]
    washi=brickwork      52% of what it draws is off the block   [washi-02]
    washi=mosaic         lands on the NEIGHBOURING paragraphs' words (82.2% of their ink moved)   [washi-02]
    washi=mosaic         lies across its own words (99.6% of the block's ink moved)   [washi-02]
    washi=mosaic         51% of what it draws is off the block   [washi-02]
    washi=ticking        lands on the NEIGHBOURING paragraphs' words (100.0% of their ink moved)   [washi-02]
    washi=ticking        lies across its own words (99.6% of the block's ink moved)   [washi-02]
    washi=ticking        47% of what it draws is off the block   [washi-02]
    washi=seersucker     lands on the NEIGHBOURING paragraphs' words (100.0% of their ink moved)   [washi-02]
    washi=seersucker     lies across its own words (99.6% of the block's ink moved)   [washi-02]
    washi=seersucker     47% of what it draws is off the block   [washi-02]
    washi=spots          lands on the NEIGHBOURING paragraphs' words (99.8% of their ink moved)   [washi-02]
    washi=spots          lies across its own words (99.9% of the block's ink moved)   [washi-02]
    washi=spots          39% of what it draws is off the block   [washi-02]
    washi=polka          lands on the NEIGHBOURING paragraphs' words (99.9% of their ink moved)   [washi-02]
    washi=polka          lies across its own words (99.9% of the block's ink moved)   [washi-02]
    washi=polka          39% of what it draws is off the block   [washi-02]
    washi=confetti       lands on the NEIGHBOURING paragraphs' words (99.8% of their ink moved)   [washi-02]
    washi=confetti       lies across its own words (99.4% of the block's ink moved)   [washi-02]
    washi=confetti       29% of what it draws is off the block   [washi-02]
    washi=beads          lands on the NEIGHBOURING paragraphs' words (99.8% of their ink moved)   [washi-02]
    washi=beads          lies across its own words (99.5% of the block's ink moved)   [washi-02]
    washi=beads          29% of what it draws is off the block   [washi-02]
    washi=speckle        100% of what it draws is off the block   [washi-02]
    washi=ricrac         100% of what it draws is off the block   [washi-02]
    washi=floral         lies across its own words (87.7% of the block's ink moved)   [washi-03]
    washi=ivy            lies across its own words (87.7% of the block's ink moved)   [washi-03]
    washi=vine           lands on the NEIGHBOURING paragraphs' words (91.2% of their ink moved)   [washi-03]
    washi=vine           lies across its own words (86.3% of the block's ink moved)   [washi-03]
    washi=vine           36% of what it draws is off the block   [washi-03]
    washi=fern           lands on the NEIGHBOURING paragraphs' words (91.1% of their ink moved)   [washi-03]
    washi=fern           lies across its own words (86.4% of the block's ink moved)   [washi-03]
    washi=fern           36% of what it draws is off the block   [washi-03]
    washi=bamboo         lands on the NEIGHBOURING paragraphs' words (89.9% of their ink moved)   [washi-03]
    washi=bamboo         lies across its own words (100.0% of the block's ink moved)   [washi-03]
    washi=bamboo         47% of what it draws is off the block   [washi-03]
    washi=clouds         lands on the NEIGHBOURING paragraphs' words (89.8% of their ink moved)   [washi-03]
    washi=clouds         lies across its own words (100.0% of the block's ink moved)   [washi-03]
    washi=clouds         47% of what it draws is off the block   [washi-03]
    washi=rainbow        lands on the NEIGHBOURING paragraphs' words (82.2% of their ink moved)   [washi-03]
    washi=rainbow        lies across its own words (100.0% of the block's ink moved)   [washi-03]
    washi=rainbow        52% of what it draws is off the block   [washi-03]
    washi=moons          lands on the NEIGHBOURING paragraphs' words (82.2% of their ink moved)   [washi-03]
    washi=moons          lies across its own words (100.0% of the block's ink moved)   [washi-03]
    washi=moons          52% of what it draws is off the block   [washi-03]
    washi=sunbeam        lands on the NEIGHBOURING paragraphs' words (100.0% of their ink moved)   [washi-03]
    washi=sunbeam        lies across its own words (99.6% of the block's ink moved)   [washi-03]
    washi=sunbeam        47% of what it draws is off the block   [washi-03]
    washi=stars          lands on the NEIGHBOURING paragraphs' words (100.0% of their ink moved)   [washi-03]
    washi=stars          lies across its own words (99.6% of the block's ink moved)   [washi-03]
    washi=stars          46% of what it draws is off the block   [washi-03]
    washi=hearts         lands on the NEIGHBOURING paragraphs' words (99.9% of their ink moved)   [washi-03]
    washi=hearts         lies across its own words (99.9% of the block's ink moved)   [washi-03]
    washi=hearts         39% of what it draws is off the block   [washi-03]
    washi=arrows         lands on the NEIGHBOURING paragraphs' words (99.9% of their ink moved)   [washi-03]
    washi=arrows         lies across its own words (99.9% of the block's ink moved)   [washi-03]
    washi=arrows         39% of what it draws is off the block   [washi-03]
    washi=ticks          lands on the NEIGHBOURING paragraphs' words (99.8% of their ink moved)   [washi-03]
    washi=ticks          lies across its own words (99.5% of the block's ink moved)   [washi-03]
    washi=ticks          29% of what it draws is off the block   [washi-03]
    washi=grid           lands on the NEIGHBOURING paragraphs' words (99.8% of their ink moved)   [washi-03]
    washi=grid           lies across its own words (99.5% of the block's ink moved)   [washi-03]
    washi=grid           29% of what it draws is off the block   [washi-03]
    washi=ombre          100% of what it draws is off the block   [washi-03]
    washi=marble         100% of what it draws is off the block   [washi-03]
    washi=lace           lies across its own words (87.7% of the block's ink moved)   [washi-04]
    washi=gilt           lies across its own words (87.7% of the block's ink moved)   [washi-04]
    shadow=soft           lands on the NEIGHBOURING paragraphs' words (10.3% of their ink moved)   [shadow-01]
    shadow=soft           lies across its own words (98.0% of the block's ink moved)   [shadow-01]
    shadow=soft           28% of what it draws is off the block   [shadow-01]
    shadow=lifted         lands on the NEIGHBOURING paragraphs' words (7.7% of their ink moved)   [shadow-01]
    shadow=lifted         lies across its own words (98.8% of the block's ink moved)   [shadow-01]
    shadow=lifted         27% of what it draws is off the block   [shadow-01]
    shadow=stacked        lands on the NEIGHBOURING paragraphs' words (99.7% of their ink moved)   [shadow-01]
    shadow=stacked        lies across its own words (99.3% of the block's ink moved)   [shadow-01]
    shadow=stacked        60% of what it draws is off the block   [shadow-01]
    shadow=plate          lands on the NEIGHBOURING paragraphs' words (99.1% of their ink moved)   [shadow-01]
    shadow=plate          lies across its own words (100.0% of the block's ink moved)   [shadow-01]
    shadow=plate          60% of what it draws is off the block   [shadow-01]
    shadow=deep           lands on the NEIGHBOURING paragraphs' words (98.5% of their ink moved)   [shadow-01]
    shadow=deep           lies across its own words (91.7% of the block's ink moved)   [shadow-01]
    shadow=deep           40% of what it draws is off the block   [shadow-01]
    shadow=riser          lands on the NEIGHBOURING paragraphs' words (98.4% of their ink moved)   [shadow-01]
    shadow=riser          lies across its own words (91.7% of the block's ink moved)   [shadow-01]
    shadow=riser          42% of what it draws is off the block   [shadow-01]
    shadow=sunken         lands on the NEIGHBOURING paragraphs' words (98.4% of their ink moved)   [shadow-01]
    shadow=sunken         lies across its own words (99.7% of the block's ink moved)   [shadow-01]
    shadow=sunken         25% of what it draws is off the block   [shadow-01]
    shadow=ledge          lands on the NEIGHBOURING paragraphs' words (98.4% of their ink moved)   [shadow-01]
    shadow=ledge          lies across its own words (99.5% of the block's ink moved)   [shadow-01]
    shadow=ledge          42% of what it draws is off the block   [shadow-01]
    shadow=card           lands on the NEIGHBOURING paragraphs' words (90.0% of their ink moved)   [shadow-01]
    shadow=card           lies across its own words (99.6% of the block's ink moved)   [shadow-01]
    shadow=card           35% of what it draws is off the block   [shadow-01]
    shadow=float          lands on the NEIGHBOURING paragraphs' words (90.0% of their ink moved)   [shadow-01]
    shadow=float          lies across its own words (100.0% of the block's ink moved)   [shadow-01]
    shadow=float          60% of what it draws is off the block   [shadow-01]
    shadow=hover          lands on the NEIGHBOURING paragraphs' words (99.8% of their ink moved)   [shadow-01]
    shadow=hover          lies across its own words (99.2% of the block's ink moved)   [shadow-01]
    shadow=hover          38% of what it draws is off the block   [shadow-01]
    shadow=drop           lands on the NEIGHBOURING paragraphs' words (99.9% of their ink moved)   [shadow-01]
    shadow=drop           lies across its own words (97.9% of the block's ink moved)   [shadow-01]
    shadow=drop           38% of what it draws is off the block   [shadow-01]
    shadow=mat            lands on the NEIGHBOURING paragraphs' words (7.1% of their ink moved)   [shadow-02]
    shadow=mat            lies across its own words (98.0% of the block's ink moved)   [shadow-02]
    shadow=mount          lands on the NEIGHBOURING paragraphs' words (12.6% of their ink moved)   [shadow-02]
    shadow=mount          lies across its own words (98.0% of the block's ink moved)   [shadow-02]
    shadow=tray           lands on the NEIGHBOURING paragraphs' words (100.0% of their ink moved)   [shadow-02]
    shadow=tray           lies across its own words (99.6% of the block's ink moved)   [shadow-02]
    shadow=tray           51% of what it draws is off the block   [shadow-02]
    shadow=pouched        lands on the NEIGHBOURING paragraphs' words (99.8% of their ink moved)   [shadow-02]
    shadow=pouched        lies across its own words (99.0% of the block's ink moved)   [shadow-02]
    shadow=pouched        62% of what it draws is off the block   [shadow-02]
    shadow=letterbox      lands on the NEIGHBOURING paragraphs' words (81.9% of their ink moved)   [shadow-02]
    shadow=letterbox      lies across its own words (95.6% of the block's ink moved)   [shadow-02]
    shadow=letterbox      38% of what it draws is off the block   [shadow-02]
    shadow=emboss         lands on the NEIGHBOURING paragraphs' words (81.7% of their ink moved)   [shadow-02]
    shadow=emboss         lies across its own words (95.6% of the block's ink moved)   [shadow-02]
    shadow=emboss         44% of what it draws is off the block   [shadow-02]
    shadow=deboss         lands on the NEIGHBOURING paragraphs' words (81.6% of their ink moved)   [shadow-02]
    shadow=deboss         lies across its own words (99.5% of the block's ink moved)   [shadow-02]
    shadow=deboss         41% of what it draws is off the block   [shadow-02]
    shadow=press          lands on the NEIGHBOURING paragraphs' words (81.7% of their ink moved)   [shadow-02]
    shadow=press          lies across its own words (99.5% of the block's ink moved)   [shadow-02]
    shadow=cutout         lands on the NEIGHBOURING paragraphs' words (99.3% of their ink moved)   [shadow-02]
    shadow=cutout         lies across its own words (100.0% of the block's ink moved)   [shadow-02]
    shadow=cutout         66% of what it draws is off the block   [shadow-02]
    shadow=shingle        lands on the NEIGHBOURING paragraphs' words (98.7% of their ink moved)   [shadow-02]
    shadow=shingle        lies across its own words (100.0% of the block's ink moved)   [shadow-02]
    shadow=shingle        61% of what it draws is off the block   [shadow-02]
    shadow=fan            lands on the NEIGHBOURING paragraphs' words (98.4% of their ink moved)   [shadow-02]
    shadow=fan            lies across its own words (91.7% of the block's ink moved)   [shadow-02]
    shadow=fan            41% of what it draws is off the block   [shadow-02]
    shadow=step           lands on the NEIGHBOURING paragraphs' words (98.5% of their ink moved)   [shadow-02]
    shadow=step           lies across its own words (91.7% of the block's ink moved)   [shadow-02]
    shadow=step           39% of what it draws is off the block   [shadow-02]
    shadow=relief         lands on the NEIGHBOURING paragraphs' words (8.6% of their ink moved)   [shadow-03]
    shadow=relief         lies across its own words (97.9% of the block's ink moved)   [shadow-03]
    shadow=cameo          lands on the NEIGHBOURING paragraphs' words (33.8% of their ink moved)   [shadow-03]
    shadow=cameo          lies across its own words (100.0% of the block's ink moved)   [shadow-03]
    shadow=inlay          lands on the NEIGHBOURING paragraphs' words (93.2% of their ink moved)   [shadow-03]
    shadow=inlay          lies across its own words (92.4% of the block's ink moved)   [shadow-03]
    shadow=inlay          27% of what it draws is off the block   [shadow-03]
    shadow=plinth         lands on the NEIGHBOURING paragraphs' words (94.3% of their ink moved)   [shadow-03]
    shadow=plinth         lies across its own words (95.9% of the block's ink moved)   [shadow-03]
    shadow=plinth         47% of what it draws is off the block   [shadow-03]
    shadow=pedestal       lies across its own words (99.8% of the block's ink moved)   [shadow-03]
    shadow=pedestal       27% of what it draws is off the block   [shadow-03]
    shadow=slab           lies across its own words (99.8% of the block's ink moved)   [shadow-03]
    shadow=tile           lands on the NEIGHBOURING paragraphs' words (91.9% of their ink moved)   [shadow-03]
    shadow=tile           lies across its own words (100.0% of the block's ink moved)   [shadow-03]
    shadow=tile           34% of what it draws is off the block   [shadow-03]
    shadow=coaster        lands on the NEIGHBOURING paragraphs' words (84.8% of their ink moved)   [shadow-03]
    shadow=coaster        lies across its own words (98.5% of the block's ink moved)   [shadow-03]
    shadow=coaster        32% of what it draws is off the block   [shadow-03]
    shadow=pad            lands on the NEIGHBOURING paragraphs' words (99.8% of their ink moved)   [shadow-03]
    shadow=pad            lies across its own words (99.1% of the block's ink moved)   [shadow-03]
    shadow=board          lands on the NEIGHBOURING paragraphs' words (99.8% of their ink moved)   [shadow-03]
    shadow=board          lies across its own words (99.1% of the block's ink moved)   [shadow-03]
    shadow=board          41% of what it draws is off the block   [shadow-03]
    shadow=cork           lands on the NEIGHBOURING paragraphs' words (100.0% of their ink moved)   [shadow-03]
    shadow=cork           lies across its own words (98.7% of the block's ink moved)   [shadow-03]
    shadow=felt           lands on the NEIGHBOURING paragraphs' words (100.0% of their ink moved)   [shadow-03]
    shadow=felt           lies across its own words (98.9% of the block's ink moved)   [shadow-03]
    shadow=shelfline      lies across its own words (98.0% of the block's ink moved)   [shadow-04]
    shadow=buttress       lies across its own words (98.5% of the block's ink moved)   [shadow-04]
    frame=scallop        lands on the NEIGHBOURING paragraphs' words (8.8% of their ink moved)   [frame-01]
    frame=scallop        lies across its own words (99.3% of the block's ink moved)   [frame-01]
    frame=stitch         lands on the NEIGHBOURING paragraphs' words (5.5% of their ink moved)   [frame-01]
    frame=stitch         lies across its own words (98.0% of the block's ink moved)   [frame-01]
    frame=double         lands on the NEIGHBOURING paragraphs' words (95.5% of their ink moved)   [frame-01]
    frame=double         lies across its own words (100.0% of the block's ink moved)   [frame-01]
    frame=double         63% of what it draws is off the block   [frame-01]
    frame=rope           lands on the NEIGHBOURING paragraphs' words (97.8% of their ink moved)   [frame-01]
    frame=rope           lies across its own words (99.4% of the block's ink moved)   [frame-01]
    frame=rope           65% of what it draws is off the block   [frame-01]
    frame=ticket         lands on the NEIGHBOURING paragraphs' words (99.2% of their ink moved)   [frame-01]
    frame=ticket         lies across its own words (97.9% of the block's ink moved)   [frame-01]
    frame=pinked         lands on the NEIGHBOURING paragraphs' words (100.0% of their ink moved)   [frame-01]
    frame=pinked         lies across its own words (99.3% of the block's ink moved)   [frame-01]
    frame=chain          lands on the NEIGHBOURING paragraphs' words (95.6% of their ink moved)   [frame-01]
    frame=chain          lies across its own words (100.0% of the block's ink moved)   [frame-01]
    frame=chain          50% of what it draws is off the block   [frame-01]
    frame=wave           lands on the NEIGHBOURING paragraphs' words (95.6% of their ink moved)   [frame-01]
    frame=wave           lies across its own words (99.9% of the block's ink moved)   [frame-01]
    frame=wave           27% of what it draws is off the block   [frame-01]
    frame=notch          lands on the NEIGHBOURING paragraphs' words (98.5% of their ink moved)   [frame-01]
    frame=notch          lies across its own words (92.9% of the block's ink moved)   [frame-01]
    frame=notch          58% of what it draws is off the block   [frame-01]
    frame=ruled          lands on the NEIGHBOURING paragraphs' words (98.5% of their ink moved)   [frame-01]
    frame=ruled          lies across its own words (93.1% of the block's ink moved)   [frame-01]
    frame=ruled          58% of what it draws is off the block   [frame-01]
    frame=tabs           lands on the NEIGHBOURING paragraphs' words (100.0% of their ink moved)   [frame-01]
    frame=tabs           lies across its own words (99.5% of the block's ink moved)   [frame-01]
    frame=tabs           30% of what it draws is off the block   [frame-01]
    frame=deckle         lands on the NEIGHBOURING paragraphs' words (100.0% of their ink moved)   [frame-01]
    frame=deckle         lies across its own words (99.6% of the block's ink moved)   [frame-01]
    frame=ivyframe       lands on the NEIGHBOURING paragraphs' words (6.2% of their ink moved)   [frame-02]
    frame=ivyframe       lies across its own words (99.3% of the block's ink moved)   [frame-02]
    frame=ivyframe       26% of what it draws is off the block   [frame-02]
    frame=dogtooth       lands on the NEIGHBOURING paragraphs' words (9.6% of their ink moved)   [frame-02]
    frame=dogtooth       lies across its own words (99.3% of the block's ink moved)   [frame-02]
    frame=dogtooth       27% of what it draws is off the block   [frame-02]
    frame=dentil         lands on the NEIGHBOURING paragraphs' words (94.5% of their ink moved)   [frame-02]
    frame=dentil         lies across its own words (100.0% of the block's ink moved)   [frame-02]
    frame=dentil         60% of what it draws is off the block   [frame-02]
    frame=eggdart        lands on the NEIGHBOURING paragraphs' words (94.5% of their ink moved)   [frame-02]
    frame=eggdart        lies across its own words (100.0% of the block's ink moved)   [frame-02]
    frame=eggdart        57% of what it draws is off the block   [frame-02]
    frame=fret           lands on the NEIGHBOURING paragraphs' words (100.0% of their ink moved)   [frame-02]
    frame=fret           lies across its own words (99.9% of the block's ink moved)   [frame-02]
    frame=fret           31% of what it draws is off the block   [frame-02]
    frame=guilloche      lands on the NEIGHBOURING paragraphs' words (97.7% of their ink moved)   [frame-02]
    frame=guilloche      lies across its own words (99.9% of the block's ink moved)   [frame-02]
    frame=guilloche      34% of what it draws is off the block   [frame-02]
    frame=filigree       lands on the NEIGHBOURING paragraphs' words (96.5% of their ink moved)   [frame-02]
    frame=filigree       lies across its own words (94.1% of the block's ink moved)   [frame-02]
    frame=filigree       55% of what it draws is off the block   [frame-02]
    frame=rosette        lands on the NEIGHBOURING paragraphs' words (96.5% of their ink moved)   [frame-02]
    frame=rosette        lies across its own words (94.1% of the block's ink moved)   [frame-02]
    frame=rosette        57% of what it draws is off the block   [frame-02]
    frame=fleur          lands on the NEIGHBOURING paragraphs' words (96.5% of their ink moved)   [frame-02]
    frame=fleur          lies across its own words (99.6% of the block's ink moved)   [frame-02]
    frame=fleur          58% of what it draws is off the block   [frame-02]
    frame=scorch         lands on the NEIGHBOURING paragraphs' words (96.5% of their ink moved)   [frame-02]
    frame=scorch         lies across its own words (99.6% of the block's ink moved)   [frame-02]
    frame=scorch         28% of what it draws is off the block   [frame-02]
    frame=perfed         lies across its own words (97.6% of the block's ink moved)   [frame-02]
    frame=punch          lies across its own words (99.2% of the block's ink moved)   [frame-02]
    frame=badge          lands on the NEIGHBOURING paragraphs' words (25.3% of their ink moved)   [frame-03]
    frame=badge          lies across its own words (99.9% of the block's ink moved)   [frame-03]
    frame=shield         lands on the NEIGHBOURING paragraphs' words (46.1% of their ink moved)   [frame-03]
    frame=shield         lies across its own words (100.0% of the block's ink moved)   [frame-03]
    frame=cartouche      lies across its own words (98.4% of the block's ink moved)   [frame-03]
    frame=oval           lies across its own words (93.3% of the block's ink moved)   [frame-03]
    frame=arch           lands on the NEIGHBOURING paragraphs' words (97.0% of their ink moved)   [frame-03]
    frame=arch           lies across its own words (96.6% of the block's ink moved)   [frame-03]
    frame=gable          lands on the NEIGHBOURING paragraphs' words (97.2% of their ink moved)   [frame-03]
    frame=gable          lies across its own words (95.4% of the block's ink moved)   [frame-03]
    frame=gable          31% of what it draws is off the block   [frame-03]
    frame=bracket        lies across its own words (95.1% of the block's ink moved)   [frame-03]
    frame=bracket        34% of what it draws is off the block   [frame-03]
    frame=cumulus        lies across its own words (95.0% of the block's ink moved)   [frame-03]
    frame=pompom         lands on the NEIGHBOURING paragraphs' words (96.5% of their ink moved)   [frame-03]
    frame=pompom         lies across its own words (99.9% of the block's ink moved)   [frame-03]
    frame=pompom         30% of what it draws is off the block   [frame-03]
    frame=jagged         lands on the NEIGHBOURING paragraphs' words (96.5% of their ink moved)   [frame-03]
    frame=jagged         lies across its own words (100.0% of the block's ink moved)   [frame-03]
    frame=jagged         30% of what it draws is off the block   [frame-03]
    frame=sawedge        100% of what it draws is off the block   [frame-03]
    frame=dashes         100% of what it draws is off the block   [frame-03]
    frame=lacing         lies across its own words (99.9% of the block's ink moved)   [frame-04]
    frame=seamed         lies across its own words (99.6% of the block's ink moved)   [frame-04]
    paper=torn           lands on the NEIGHBOURING paragraphs' words (4.4% of their ink moved)   [paper-01]
    paper=torn           lies across its own words (100.0% of the block's ink moved)   [paper-01]
    paper=aged           lands on the NEIGHBOURING paragraphs' words (7.5% of their ink moved)   [paper-01]
    paper=aged           lies across its own words (99.6% of the block's ink moved)   [paper-01]
    paper=kraft          lands on the NEIGHBOURING paragraphs' words (87.8% of their ink moved)   [paper-01]
    paper=kraft          lies across its own words (90.3% of the block's ink moved)   [paper-01]
    paper=kraft          32% of what it draws is off the block   [paper-01]
    paper=vellum         lands on the NEIGHBOURING paragraphs' words (87.8% of their ink moved)   [paper-01]
    paper=vellum         lies across its own words (98.5% of the block's ink moved)   [paper-01]
    paper=vellum         66% of what it draws is off the block   [paper-01]
    paper=parchment      lands on the NEIGHBOURING paragraphs' words (100.0% of their ink moved)   [paper-01]
    paper=parchment      lies across its own words (96.3% of the block's ink moved)   [paper-01]
    paper=papyrus        lands on the NEIGHBOURING paragraphs' words (100.0% of their ink moved)   [paper-01]
    paper=papyrus        lies across its own words (95.8% of the block's ink moved)   [paper-01]
    paper=newsprint      lands on the NEIGHBOURING paragraphs' words (95.6% of their ink moved)   [paper-01]
    paper=newsprint      lies across its own words (99.7% of the block's ink moved)   [paper-01]
    paper=newsprint      30% of what it draws is off the block   [paper-01]
    paper=tracing        lands on the NEIGHBOURING paragraphs' words (96.0% of their ink moved)   [paper-01]
    paper=tracing        lies across its own words (99.7% of the block's ink moved)   [paper-01]
    paper=tracing        30% of what it draws is off the block   [paper-01]
    paper=onion          lands on the NEIGHBOURING paragraphs' words (98.7% of their ink moved)   [paper-01]
    paper=onion          lies across its own words (89.3% of the block's ink moved)   [paper-01]
    paper=onion          48% of what it draws is off the block   [paper-01]
    paper=cartridge      lands on the NEIGHBOURING paragraphs' words (98.7% of their ink moved)   [paper-01]
    paper=cartridge      lies across its own words (88.6% of the block's ink moved)   [paper-01]
    paper=cartridge      57% of what it draws is off the block   [paper-01]
    paper=coldpress      lands on the NEIGHBOURING paragraphs' words (100.0% of their ink moved)   [paper-01]
    paper=coldpress      lies across its own words (97.5% of the block's ink moved)   [paper-01]
    paper=coldpress      29% of what it draws is off the block   [paper-01]
    paper=hotpress       lands on the NEIGHBOURING paragraphs' words (100.0% of their ink moved)   [paper-01]
    paper=hotpress       lies across its own words (97.5% of the block's ink moved)   [paper-01]
    paper=hotpress       29% of what it draws is off the block   [paper-01]
    paper=laid           lands on the NEIGHBOURING paragraphs' words (9.8% of their ink moved)   [paper-02]
    paper=laid           lies across its own words (99.6% of the block's ink moved)   [paper-02]
    paper=cotton         lands on the NEIGHBOURING paragraphs' words (8.2% of their ink moved)   [paper-02]
    paper=cotton         lies across its own words (99.9% of the block's ink moved)   [paper-02]
    paper=cotton         30% of what it draws is off the block   [paper-02]
    paper=foilpaper      lands on the NEIGHBOURING paragraphs' words (94.5% of their ink moved)   [paper-02]
    paper=foilpaper      lies across its own words (98.0% of the block's ink moved)   [paper-02]
    paper=foilpaper      34% of what it draws is off the block   [paper-02]
    paper=carbon         lands on the NEIGHBOURING paragraphs' words (94.5% of their ink moved)   [paper-02]
    paper=carbon         lies across its own words (99.2% of the block's ink moved)   [paper-02]
    paper=carbon         34% of what it draws is off the block   [paper-02]
    paper=thermal        lands on the NEIGHBOURING paragraphs' words (99.3% of their ink moved)   [paper-02]
    paper=thermal        lies across its own words (99.5% of the block's ink moved)   [paper-02]
    paper=thermal        26% of what it draws is off the block   [paper-02]
    paper=lined          lands on the NEIGHBOURING paragraphs' words (97.8% of their ink moved)   [paper-02]
    paper=lined          lies across its own words (99.7% of the block's ink moved)   [paper-02]
    paper=lined          32% of what it draws is off the block   [paper-02]
    paper=graph          lands on the NEIGHBOURING paragraphs' words (94.9% of their ink moved)   [paper-02]
    paper=graph          lies across its own words (100.0% of the block's ink moved)   [paper-02]
    paper=graph          52% of what it draws is off the block   [paper-02]
    paper=index          lands on the NEIGHBOURING paragraphs' words (96.1% of their ink moved)   [paper-02]
    paper=index          lies across its own words (99.7% of the block's ink moved)   [paper-02]
    paper=index          54% of what it draws is off the block   [paper-02]
    paper=dotgrid        lands on the NEIGHBOURING paragraphs' words (98.7% of their ink moved)   [paper-02]
    paper=dotgrid        lies across its own words (88.7% of the block's ink moved)   [paper-02]
    paper=dotgrid        57% of what it draws is off the block   [paper-02]
    paper=stave          lands on the NEIGHBOURING paragraphs' words (80.4% of their ink moved)   [paper-02]
    paper=stave          lies across its own words (96.0% of the block's ink moved)   [paper-02]
    paper=stave          42% of what it draws is off the block   [paper-02]
    paper=ledger         lands on the NEIGHBOURING paragraphs' words (79.8% of their ink moved)   [paper-02]
    paper=ledger         lies across its own words (98.8% of the block's ink moved)   [paper-02]
    paper=blueprint      lands on the NEIGHBOURING paragraphs' words (79.8% of their ink moved)   [paper-02]
    paper=blueprint      lies across its own words (84.5% of the block's ink moved)   [paper-02]
    paper=logarithmic    lands on the NEIGHBOURING paragraphs' words (9.9% of their ink moved)   [paper-03]
    paper=logarithmic    lies across its own words (99.6% of the block's ink moved)   [paper-03]
    paper=logarithmic    33% of what it draws is off the block   [paper-03]
    paper=polar          lands on the NEIGHBOURING paragraphs' words (9.7% of their ink moved)   [paper-03]
    paper=polar          lies across its own words (99.6% of the block's ink moved)   [paper-03]
    paper=polar          29% of what it draws is off the block   [paper-03]
    paper=engineer       lands on the NEIGHBOURING paragraphs' words (93.2% of their ink moved)   [paper-03]
    paper=engineer       lies across its own words (98.0% of the block's ink moved)   [paper-03]
    paper=engineer       34% of what it draws is off the block   [paper-03]
    paper=accounts       lands on the NEIGHBOURING paragraphs' words (93.2% of their ink moved)   [paper-03]
    paper=accounts       lies across its own words (100.0% of the block's ink moved)   [paper-03]
    paper=accounts       34% of what it draws is off the block   [paper-03]
    paper=legal          lands on the NEIGHBOURING paragraphs' words (98.0% of their ink moved)   [paper-03]
    paper=legal          lies across its own words (99.9% of the block's ink moved)   [paper-03]
    paper=copybook       lands on the NEIGHBOURING paragraphs' words (96.3% of their ink moved)   [paper-03]
    paper=copybook       lies across its own words (99.7% of the block's ink moved)   [paper-03]
    paper=copybook       31% of what it draws is off the block   [paper-03]
    paper=tablature      lands on the NEIGHBOURING paragraphs' words (94.7% of their ink moved)   [paper-03]
    paper=tablature      lies across its own words (98.6% of the block's ink moved)   [paper-03]
    paper=tablature      57% of what it draws is off the block   [paper-03]
    paper=crossword      lands on the NEIGHBOURING paragraphs' words (96.2% of their ink moved)   [paper-03]
    paper=crossword      lies across its own words (100.0% of the block's ink moved)   [paper-03]
    paper=crossword      66% of what it draws is off the block   [paper-03]
    paper=calendar       lands on the NEIGHBOURING paragraphs' words (98.9% of their ink moved)   [paper-03]
    paper=calendar       lies across its own words (96.0% of the block's ink moved)   [paper-03]
    paper=calendar       26% of what it draws is off the block   [paper-03]
    paper=notepad        lands on the NEIGHBOURING paragraphs' words (99.6% of their ink moved)   [paper-03]
    paper=notepad        lies across its own words (100.0% of the block's ink moved)   [paper-03]
    paper=notepad        38% of what it draws is off the block   [paper-03]
    paper=receipt        lands on the NEIGHBOURING paragraphs' words (95.7% of their ink moved)   [paper-03]
    paper=receipt        lies across its own words (100.0% of the block's ink moved)   [paper-03]
    paper=receipt        41% of what it draws is off the block   [paper-03]
    paper=airmail        lands on the NEIGHBOURING paragraphs' words (95.7% of their ink moved)   [paper-03]
    paper=airmail        lies across its own words (95.3% of the block's ink moved)   [paper-03]
    paper=airmail        28% of what it draws is off the block   [paper-03]
    paper=stained        lies across its own words (99.6% of the block's ink moved)   [paper-04]
    paper=scorched       lies across its own words (99.3% of the block's ink moved)   [paper-04]
    underline=arrow          lands on the NEIGHBOURING paragraphs' words (43.4% of their ink moved)   [underline-01]
    underline=zigzag         lands on the NEIGHBOURING paragraphs' words (43.4% of their ink moved)   [underline-01]
    underline=dotdash        lands on the NEIGHBOURING paragraphs' words (85.5% of their ink moved)   [underline-01]
    underline=dotdash        lies across its own words (84.6% of the block's ink moved)   [underline-01]
    underline=triple         lands on the NEIGHBOURING paragraphs' words (85.5% of their ink moved)   [underline-01]
    underline=triple         lies across its own words (81.7% of the block's ink moved)   [underline-01]
    underline=thick          lands on the NEIGHBOURING paragraphs' words (85.5% of their ink moved)   [underline-01]
    underline=thick          lies across its own words (84.6% of the block's ink moved)   [underline-01]
    underline=hairline       lands on the NEIGHBOURING paragraphs' words (85.5% of their ink moved)   [underline-01]
    underline=hairline       lies across its own words (84.6% of the block's ink moved)   [underline-01]
    underline=caret          lands on the NEIGHBOURING paragraphs' words (43.4% of their ink moved)   [underline-02]
    underline=tickmark       lands on the NEIGHBOURING paragraphs' words (43.4% of their ink moved)   [underline-02]
    underline=chevrons       lands on the NEIGHBOURING paragraphs' words (43.4% of their ink moved)   [underline-03]
    underline=loops          lands on the NEIGHBOURING paragraphs' words (91.9% of their ink moved)   [underline-03]
    underline=loops          lies across its own words (84.8% of the block's ink moved)   [underline-03]
    underline=coil           lands on the NEIGHBOURING paragraphs' words (91.9% of their ink moved)   [underline-03]
    underline=coil           lies across its own words (85.0% of the block's ink moved)   [underline-03]
    underline=rungs          lands on the NEIGHBOURING paragraphs' words (99.5% of their ink moved)   [underline-03]
    underline=rungs          lies across its own words (99.0% of the block's ink moved)   [underline-03]
    underline=rail           lands on the NEIGHBOURING paragraphs' words (98.9% of their ink moved)   [underline-03]
    underline=rail           lies across its own words (98.1% of the block's ink moved)   [underline-03]
    underline=comb           lands on the NEIGHBOURING paragraphs' words (99.8% of their ink moved)   [underline-03]
    underline=comb           lies across its own words (99.3% of the block's ink moved)   [underline-03]
    underline=sawtooth       lands on the NEIGHBOURING paragraphs' words (99.8% of their ink moved)   [underline-03]
    underline=sawtooth       lies across its own words (99.3% of the block's ink moved)   [underline-03]
    underline=beaded         lands on the NEIGHBOURING paragraphs' words (98.8% of their ink moved)   [underline-03]
    underline=beaded         lies across its own words (97.2% of the block's ink moved)   [underline-03]
    underline=starred        lands on the NEIGHBOURING paragraphs' words (98.8% of their ink moved)   [underline-03]
    underline=starred        lies across its own words (96.6% of the block's ink moved)   [underline-03]
    underline=macron         lands on the NEIGHBOURING paragraphs' words (96.0% of their ink moved)   [underline-03]
    underline=macron         lies across its own words (92.2% of the block's ink moved)   [underline-03]
    underline=macron         27% of what it draws is off the block   [underline-03]
    underline=ogee           lands on the NEIGHBOURING paragraphs' words (96.0% of their ink moved)   [underline-03]
    underline=ogee           lies across its own words (92.2% of the block's ink moved)   [underline-03]
    underline=swash          lands on the NEIGHBOURING paragraphs' words (95.7% of their ink moved)   [underline-03]
    underline=swash          lies across its own words (94.5% of the block's ink moved)   [underline-03]
    underline=flourish       lands on the NEIGHBOURING paragraphs' words (95.7% of their ink moved)   [underline-03]
    underline=flourish       lies across its own words (94.5% of the block's ink moved)   [underline-03]
    underline=tail           lands on the NEIGHBOURING paragraphs' words (99.1% of their ink moved)   [underline-03]
    underline=tail           lies across its own words (98.3% of the block's ink moved)   [underline-03]
    underline=hook           lands on the NEIGHBOURING paragraphs' words (99.1% of their ink moved)   [underline-03]
    underline=hook           lies across its own words (99.4% of the block's ink moved)   [underline-03]
    underline=curl           lands on the NEIGHBOURING paragraphs' words (43.4% of their ink moved)   [underline-04]
    underline=kick           lands on the NEIGHBOURING paragraphs' words (43.4% of their ink moved)   [underline-04]
