  page: 592px measure, 20px "Patrick Hand", band 32px (measured live)
  vocabulary: 472  open attempt 2 failed: TimeoutError: page.waitForSelector: Timeout 30000ms exceeded.
  open attempt 3 failed: TimeoutError: page.waitForSelector: Timeout 30000ms exceeded.
  open attempt 4 failed: TimeoutError: page.waitForSelector: Timeout 30000ms exceeded.
  !! the book would not open — falling back to the RECORDED page metrics
  page: 592px measure, 20px "Patrick Hand", band 32px (RECORDED fallback)
  vocabulary: 472 values across 11 axes
  tape-01: 16 values, board 1600x1930
  tape-02: 16 values, board 1600x1930
  tape-03: 16 values, board 1600x1930
  tape-04: 2 values, board 1600x1930
  washi-01: 16 values, board 1600x1930
  washi-02: 16 values, board 1600x1930
  washi-03: 16 values, board 1600x1930
  washi-04: 2 values, board 1600x1930
  shadow-01: 16 values, board 1600x1930
  shadow-02: 16 values, board 1600x1930
  shadow-03: 16 values, board 1600x1930
  shadow-04: 2 values, board 1600x1930
  frame-01: 16 values, board 1600x1930
  frame-02: 16 values, board 1600x1930
  frame-03: 16 values, board 1600x1930
  frame-04: 2 values, board 1600x1930
  paper-01: 16 values, board 1600x1930
  paper-02: 16 values, board 1600x1930
  paper-03: 16 values, board 1600x1930
  paper-04: 2 values, board 1600x1930
  underline-01: 16 values, board 1600x1930
  underline-02: 16 values, board 1600x1930
  underline-03: 16 values, board 1600x1930
  underline-04: 2 values, board 1600x1930
  font-01: 16 values, board 1600x1930 (lettering/colour — eye only)
  font-02: 16 values, board 1600x1930 (lettering/colour — eye only)
  font-03: 16 values, board 1600x1930 (lettering/colour — eye only)
  font-04: 2 values, board 1600x1930 (lettering/colour — eye only)
  ink-01: 16 values, board 1600x1930 (lettering/colour — eye only)
  ink-02: 16 values, board 1600x1930 (lettering/colour — eye only)
  ink-03: 16 values, board 1600x1930 (lettering/colour — eye only)
  ink-04: 2 values, board 1600x1930 (lettering/colour — eye only)
  size-01: 12 values, board 1600x1930 (lettering/colour — eye only)
  align-01: 10 values, board 1600x1930 (lettering/colour — eye only)
  color-01: 16 values, board 1600x1930 (lettering/colour — eye only)
  color-02: 16 values, board 1600x1930 (lettering/colour — eye only)
  color-03: 16 values, board 1600x1930 (lettering/colour — eye only)
  color-04: 2 values, board 1600x1930 (lettering/colour — eye only)

  472 values rendered, boards in shots-now/effects-sweep/

  412 flagged:
    tape=both           lands on the NEIGHBOURING paragraphs' words (2.6% of their ink moved)   [tape-01]
    tape=twin           lands on the NEIGHBOURING paragraphs' words (2.6% of their ink moved)   [tape-01]
    tape=vee            lands on the NEIGHBOURING paragraphs' words (4.7% of their ink moved)   [tape-01]
    tape=masking        lands on the NEIGHBOURING paragraphs' words (2.4% of their ink moved)   [tape-02]
    tape=parcel         lands on the NEIGHBOURING paragraphs' words (2.8% of their ink moved)   [tape-02]
    tape=duct           lands on the NEIGHBOURING paragraphs' words (2.9% of their ink moved)   [tape-02]
    tape=electric       lands on the NEIGHBOURING paragraphs' words (2.4% of their ink moved)   [tape-02]
    tape=surgical       lands on the NEIGHBOURING paragraphs' words (2.6% of their ink moved)   [tape-02]
    tape=crepe          lands on the NEIGHBOURING paragraphs' words (2.1% of their ink moved)   [tape-02]
    tape=gummed         lands on the NEIGHBOURING paragraphs' words (3.4% of their ink moved)   [tape-02]
    tape=strapping      lands on the NEIGHBOURING paragraphs' words (2.8% of their ink moved)   [tape-02]
    tape=kraft          lands on the NEIGHBOURING paragraphs' words (2.5% of their ink moved)   [tape-02]
    tape=foilstrip      lands on the NEIGHBOURING paragraphs' words (3.0% of their ink moved)   [tape-02]
    tape=bulldog        lands on the NEIGHBOURING paragraphs' words (2.1% of their ink moved)   [tape-03]
    tape=ribbon         lies across its own words (48.9% of the block's ink moved)   [tape-03]
    tape=pouch          lands on the NEIGHBOURING paragraphs' words (4.7% of their ink moved)   [tape-03]
    tape=pouch          lies across its own words (38.4% of the block's ink moved)   [tape-03]
    washi=top            lands on the NEIGHBOURING paragraphs' words (3.2% of their ink moved)   [washi-01]
    washi=corner         lands on the NEIGHBOURING paragraphs' words (2.5% of their ink moved)   [washi-01]
    washi=right          36% of what it draws is off the block   [washi-01]
    washi=cross          lands on the NEIGHBOURING paragraphs' words (18.9% of their ink moved)   [washi-01]
    washi=edge           lands on the NEIGHBOURING paragraphs' words (6.0% of their ink moved)   [washi-01]
    washi=stripe         lands on the NEIGHBOURING paragraphs' words (3.1% of their ink moved)   [washi-01]
    washi=pinstripe      lands on the NEIGHBOURING paragraphs' words (2.7% of their ink moved)   [washi-01]
    washi=gingham        lands on the NEIGHBOURING paragraphs' words (3.4% of their ink moved)   [washi-01]
    washi=check          lands on the NEIGHBOURING paragraphs' words (2.5% of their ink moved)   [washi-01]
    washi=tartan         lands on the NEIGHBOURING paragraphs' words (3.0% of their ink moved)   [washi-01]
    washi=plaid          lands on the NEIGHBOURING paragraphs' words (3.0% of their ink moved)   [washi-01]
    washi=chevron        lands on the NEIGHBOURING paragraphs' words (3.1% of their ink moved)   [washi-01]
    washi=herringbone    lands on the NEIGHBOURING paragraphs' words (3.4% of their ink moved)   [washi-01]
    washi=zigzag         lands on the NEIGHBOURING paragraphs' words (3.3% of their ink moved)   [washi-01]
    washi=wavy           lands on the NEIGHBOURING paragraphs' words (2.9% of their ink moved)   [washi-02]
    washi=scalloped      lands on the NEIGHBOURING paragraphs' words (3.4% of their ink moved)   [washi-02]
    washi=diamond        lands on the NEIGHBOURING paragraphs' words (3.0% of their ink moved)   [washi-02]
    washi=argyle         lands on the NEIGHBOURING paragraphs' words (3.2% of their ink moved)   [washi-02]
    washi=lattice        lands on the NEIGHBOURING paragraphs' words (3.0% of their ink moved)   [washi-02]
    washi=honeycomb      lands on the NEIGHBOURING paragraphs' words (2.8% of their ink moved)   [washi-02]
    washi=brickwork      lands on the NEIGHBOURING paragraphs' words (2.9% of their ink moved)   [washi-02]
    washi=mosaic         lands on the NEIGHBOURING paragraphs' words (3.8% of their ink moved)   [washi-02]
    washi=ticking        lands on the NEIGHBOURING paragraphs' words (2.5% of their ink moved)   [washi-02]
    washi=seersucker     lands on the NEIGHBOURING paragraphs' words (2.8% of their ink moved)   [washi-02]
    washi=spots          lands on the NEIGHBOURING paragraphs' words (2.6% of their ink moved)   [washi-02]
    washi=polka          lands on the NEIGHBOURING paragraphs' words (2.7% of their ink moved)   [washi-02]
    washi=confetti       lands on the NEIGHBOURING paragraphs' words (2.5% of their ink moved)   [washi-02]
    washi=beads          lands on the NEIGHBOURING paragraphs' words (2.6% of their ink moved)   [washi-02]
    washi=speckle        lands on the NEIGHBOURING paragraphs' words (2.4% of their ink moved)   [washi-02]
    washi=ricrac         lands on the NEIGHBOURING paragraphs' words (2.4% of their ink moved)   [washi-02]
    washi=floral         lands on the NEIGHBOURING paragraphs' words (2.8% of their ink moved)   [washi-03]
    washi=ivy            lands on the NEIGHBOURING paragraphs' words (3.0% of their ink moved)   [washi-03]
    washi=vine           lands on the NEIGHBOURING paragraphs' words (3.0% of their ink moved)   [washi-03]
    washi=fern           lands on the NEIGHBOURING paragraphs' words (3.1% of their ink moved)   [washi-03]
    washi=bamboo         lands on the NEIGHBOURING paragraphs' words (3.1% of their ink moved)   [washi-03]
    washi=clouds         lands on the NEIGHBOURING paragraphs' words (2.6% of their ink moved)   [washi-03]
    washi=rainbow        lands on the NEIGHBOURING paragraphs' words (3.0% of their ink moved)   [washi-03]
    washi=moons          lands on the NEIGHBOURING paragraphs' words (2.6% of their ink moved)   [washi-03]
    washi=sunbeam        lands on the NEIGHBOURING paragraphs' words (3.2% of their ink moved)   [washi-03]
    washi=stars          lands on the NEIGHBOURING paragraphs' words (2.9% of their ink moved)   [washi-03]
    washi=hearts         lands on the NEIGHBOURING paragraphs' words (3.0% of their ink moved)   [washi-03]
    washi=arrows         lands on the NEIGHBOURING paragraphs' words (2.8% of their ink moved)   [washi-03]
    washi=ticks          lands on the NEIGHBOURING paragraphs' words (2.6% of their ink moved)   [washi-03]
    washi=grid           lands on the NEIGHBOURING paragraphs' words (3.2% of their ink moved)   [washi-03]
    washi=ombre          lands on the NEIGHBOURING paragraphs' words (2.5% of their ink moved)   [washi-03]
    washi=marble         lands on the NEIGHBOURING paragraphs' words (2.8% of their ink moved)   [washi-03]
    washi=lace           lands on the NEIGHBOURING paragraphs' words (3.7% of their ink moved)   [washi-04]
    washi=gilt           lands on the NEIGHBOURING paragraphs' words (3.5% of their ink moved)   [washi-04]
    shadow=soft           lands on the NEIGHBOURING paragraphs' words (40.3% of their ink moved)   [shadow-01]
    shadow=soft           lies across its own words (98.5% of the block's ink moved)   [shadow-01]
    shadow=lifted         lands on the NEIGHBOURING paragraphs' words (32.2% of their ink moved)   [shadow-01]
    shadow=lifted         lies across its own words (98.3% of the block's ink moved)   [shadow-01]
    shadow=stacked        lands on the NEIGHBOURING paragraphs' words (99.9% of their ink moved)   [shadow-01]
    shadow=stacked        lies across its own words (95.1% of the block's ink moved)   [shadow-01]
    shadow=plate          lands on the NEIGHBOURING paragraphs' words (99.9% of their ink moved)   [shadow-01]
    shadow=plate          lies across its own words (93.9% of the block's ink moved)   [shadow-01]
    shadow=deep           lands on the NEIGHBOURING paragraphs' words (95.3% of their ink moved)   [shadow-01]
    shadow=deep           lies across its own words (100.0% of the block's ink moved)   [shadow-01]
    shadow=riser          lands on the NEIGHBOURING paragraphs' words (95.3% of their ink moved)   [shadow-01]
    shadow=riser          lies across its own words (100.0% of the block's ink moved)   [shadow-01]
    shadow=sunken         lands on the NEIGHBOURING paragraphs' words (98.6% of their ink moved)   [shadow-01]
    shadow=sunken         lies across its own words (91.4% of the block's ink moved)   [shadow-01]
    shadow=ledge          lands on the NEIGHBOURING paragraphs' words (98.6% of their ink moved)   [shadow-01]
    shadow=ledge          lies across its own words (91.6% of the block's ink moved)   [shadow-01]
    shadow=ledge          29% of what it draws is off the block   [shadow-01]
    shadow=card           lands on the NEIGHBOURING paragraphs' words (98.1% of their ink moved)   [shadow-01]
    shadow=card           lies across its own words (100.0% of the block's ink moved)   [shadow-01]
    shadow=float          lands on the NEIGHBOURING paragraphs' words (98.4% of their ink moved)   [shadow-01]
    shadow=float          lies across its own words (100.0% of the block's ink moved)   [shadow-01]
    shadow=float          30% of what it draws is off the block   [shadow-01]
    shadow=hover          lands on the NEIGHBOURING paragraphs' words (91.0% of their ink moved)   [shadow-01]
    shadow=hover          lies across its own words (100.0% of the block's ink moved)   [shadow-01]
    shadow=hover          44% of what it draws is off the block   [shadow-01]
    shadow=drop           lands on the NEIGHBOURING paragraphs' words (91.0% of their ink moved)   [shadow-01]
    shadow=drop           lies across its own words (99.0% of the block's ink moved)   [shadow-01]
    shadow=drop           43% of what it draws is off the block   [shadow-01]
    shadow=longcast       lands on the NEIGHBOURING paragraphs' words (99.8% of their ink moved)   [shadow-01]
    shadow=longcast       lies across its own words (98.6% of the block's ink moved)   [shadow-01]
    shadow=longcast       36% of what it draws is off the block   [shadow-01]
    shadow=hard           lands on the NEIGHBOURING paragraphs' words (99.6% of their ink moved)   [shadow-01]
    shadow=hard           lies across its own words (99.6% of the block's ink moved)   [shadow-01]
    shadow=hard           35% of what it draws is off the block   [shadow-01]
    shadow=halo           46% of what it draws is off the block   [shadow-01]
    shadow=ring           58% of what it draws is off the block   [shadow-01]
    shadow=mat            lands on the NEIGHBOURING paragraphs' words (46.8% of their ink moved)   [shadow-02]
    shadow=mat            lies across its own words (98.5% of the block's ink moved)   [shadow-02]
    shadow=mount          lands on the NEIGHBOURING paragraphs' words (40.6% of their ink moved)   [shadow-02]
    shadow=mount          lies across its own words (98.5% of the block's ink moved)   [shadow-02]
    shadow=tray           lands on the NEIGHBOURING paragraphs' words (100.0% of their ink moved)   [shadow-02]
    shadow=tray           lies across its own words (98.3% of the block's ink moved)   [shadow-02]
    shadow=pouched        lands on the NEIGHBOURING paragraphs' words (100.0% of their ink moved)   [shadow-02]
    shadow=pouched        lies across its own words (97.4% of the block's ink moved)   [shadow-02]
    shadow=letterbox      lands on the NEIGHBOURING paragraphs' words (95.4% of their ink moved)   [shadow-02]
    shadow=letterbox      lies across its own words (99.2% of the block's ink moved)   [shadow-02]
    shadow=emboss         lands on the NEIGHBOURING paragraphs' words (95.4% of their ink moved)   [shadow-02]
    shadow=emboss         lies across its own words (99.2% of the block's ink moved)   [shadow-02]
    shadow=deboss         lands on the NEIGHBOURING paragraphs' words (100.0% of their ink moved)   [shadow-02]
    shadow=deboss         lies across its own words (95.9% of the block's ink moved)   [shadow-02]
    shadow=deboss         31% of what it draws is off the block   [shadow-02]
    shadow=press          lands on the NEIGHBOURING paragraphs' words (100.0% of their ink moved)   [shadow-02]
    shadow=press          lies across its own words (95.9% of the block's ink moved)   [shadow-02]
    shadow=cutout         lands on the NEIGHBOURING paragraphs' words (93.4% of their ink moved)   [shadow-02]
    shadow=cutout         lies across its own words (99.4% of the block's ink moved)   [shadow-02]
    shadow=cutout         37% of what it draws is off the block   [shadow-02]
    shadow=shingle        lands on the NEIGHBOURING paragraphs' words (93.2% of their ink moved)   [shadow-02]
    shadow=shingle        lies across its own words (99.7% of the block's ink moved)   [shadow-02]
    shadow=shingle        32% of what it draws is off the block   [shadow-02]
    shadow=fan            lands on the NEIGHBOURING paragraphs' words (99.0% of their ink moved)   [shadow-02]
    shadow=fan            lies across its own words (93.0% of the block's ink moved)   [shadow-02]
    shadow=fan            34% of what it draws is off the block   [shadow-02]
    shadow=step           lands on the NEIGHBOURING paragraphs' words (99.0% of their ink moved)   [shadow-02]
    shadow=step           lies across its own words (92.3% of the block's ink moved)   [shadow-02]
    shadow=step           31% of what it draws is off the block   [shadow-02]
    shadow=terrace        lands on the NEIGHBOURING paragraphs' words (92.4% of their ink moved)   [shadow-02]
    shadow=terrace        lies across its own words (98.9% of the block's ink moved)   [shadow-02]
    shadow=terrace        36% of what it draws is off the block   [shadow-02]
    shadow=cliff          lands on the NEIGHBOURING paragraphs' words (92.7% of their ink moved)   [shadow-02]
    shadow=cliff          lies across its own words (98.2% of the block's ink moved)   [shadow-02]
    shadow=cliff          34% of what it draws is off the block   [shadow-02]
    shadow=well           lands on the NEIGHBOURING paragraphs' words (100.0% of their ink moved)   [shadow-02]
    shadow=groove         lands on the NEIGHBOURING paragraphs' words (100.0% of their ink moved)   [shadow-02]
    shadow=relief         lands on the NEIGHBOURING paragraphs' words (40.3% of their ink moved)   [shadow-03]
    shadow=relief         lies across its own words (98.4% of the block's ink moved)   [shadow-03]
    shadow=cameo          lies across its own words (99.9% of the block's ink moved)   [shadow-03]
    shadow=inlay          lands on the NEIGHBOURING paragraphs' words (92.4% of their ink moved)   [shadow-03]
    shadow=inlay          lies across its own words (97.8% of the block's ink moved)   [shadow-03]
    shadow=plinth         lands on the NEIGHBOURING paragraphs' words (92.4% of their ink moved)   [shadow-03]
    shadow=plinth         lies across its own words (99.1% of the block's ink moved)   [shadow-03]
    shadow=pedestal       lands on the NEIGHBOURING paragraphs' words (99.9% of their ink moved)   [shadow-03]
    shadow=pedestal       lies across its own words (89.1% of the block's ink moved)   [shadow-03]
    shadow=slab           lands on the NEIGHBOURING paragraphs' words (99.9% of their ink moved)   [shadow-03]
    shadow=slab           lies across its own words (88.6% of the block's ink moved)   [shadow-03]
    shadow=tile           lands on the NEIGHBOURING paragraphs' words (97.5% of their ink moved)   [shadow-03]
    shadow=tile           lies across its own words (100.0% of the block's ink moved)   [shadow-03]
    shadow=coaster        lands on the NEIGHBOURING paragraphs' words (96.3% of their ink moved)   [shadow-03]
    shadow=coaster        lies across its own words (99.9% of the block's ink moved)   [shadow-03]
    shadow=pad            lands on the NEIGHBOURING paragraphs' words (91.0% of their ink moved)   [shadow-03]
    shadow=pad            lies across its own words (100.0% of the block's ink moved)   [shadow-03]
    shadow=board          lands on the NEIGHBOURING paragraphs' words (91.1% of their ink moved)   [shadow-03]
    shadow=board          lies across its own words (100.0% of the block's ink moved)   [shadow-03]
    shadow=board          34% of what it draws is off the block   [shadow-03]
    shadow=cork           lands on the NEIGHBOURING paragraphs' words (99.7% of their ink moved)   [shadow-03]
    shadow=cork           lies across its own words (96.3% of the block's ink moved)   [shadow-03]
    shadow=felt           lands on the NEIGHBOURING paragraphs' words (99.7% of their ink moved)   [shadow-03]
    shadow=felt           lies across its own words (98.4% of the block's ink moved)   [shadow-03]
    shadow=passepartout   lands on the NEIGHBOURING paragraphs' words (87.6% of their ink moved)   [shadow-03]
    shadow=passepartout   lies across its own words (100.0% of the block's ink moved)   [shadow-03]
    shadow=passepartout   34% of what it draws is off the block   [shadow-03]
    shadow=gallery        lands on the NEIGHBOURING paragraphs' words (75.7% of their ink moved)   [shadow-03]
    shadow=gallery        lies across its own words (100.0% of the block's ink moved)   [shadow-03]
    shadow=gallery        45% of what it draws is off the block   [shadow-03]
    shadow=vitrine        35% of what it draws is off the block   [shadow-03]
    shadow=drawer         54% of what it draws is off the block   [shadow-03]
    shadow=shelfline      lands on the NEIGHBOURING paragraphs' words (40.1% of their ink moved)   [shadow-04]
    shadow=shelfline      lies across its own words (98.5% of the block's ink moved)   [shadow-04]
    shadow=buttress       lands on the NEIGHBOURING paragraphs' words (24.3% of their ink moved)   [shadow-04]
    shadow=buttress       lies across its own words (97.4% of the block's ink moved)   [shadow-04]
    frame=scallop        lands on the NEIGHBOURING paragraphs' words (2.8% of their ink moved)   [frame-01]
    frame=scallop        lies across its own words (99.6% of the block's ink moved)   [frame-01]
    frame=stitch         lands on the NEIGHBOURING paragraphs' words (37.4% of their ink moved)   [frame-01]
    frame=stitch         lies across its own words (98.5% of the block's ink moved)   [frame-01]
    frame=double         lands on the NEIGHBOURING paragraphs' words (97.3% of their ink moved)   [frame-01]
    frame=double         lies across its own words (95.1% of the block's ink moved)   [frame-01]
    frame=rope           lands on the NEIGHBOURING paragraphs' words (99.0% of their ink moved)   [frame-01]
    frame=rope           lies across its own words (97.7% of the block's ink moved)   [frame-01]
    frame=ticket         lands on the NEIGHBOURING paragraphs' words (98.6% of their ink moved)   [frame-01]
    frame=ticket         lies across its own words (93.9% of the block's ink moved)   [frame-01]
    frame=pinked         lands on the NEIGHBOURING paragraphs' words (98.5% of their ink moved)   [frame-01]
    frame=pinked         lies across its own words (94.2% of the block's ink moved)   [frame-01]
    frame=chain          lands on the NEIGHBOURING paragraphs' words (97.5% of their ink moved)   [frame-01]
    frame=chain          lies across its own words (93.6% of the block's ink moved)   [frame-01]
    frame=wave           lands on the NEIGHBOURING paragraphs' words (99.6% of their ink moved)   [frame-01]
    frame=wave           lies across its own words (99.9% of the block's ink moved)   [frame-01]
    frame=notch          lands on the NEIGHBOURING paragraphs' words (98.3% of their ink moved)   [frame-01]
    frame=notch          lies across its own words (100.0% of the block's ink moved)   [frame-01]
    frame=notch          39% of what it draws is off the block   [frame-01]
    frame=ruled          lands on the NEIGHBOURING paragraphs' words (98.3% of their ink moved)   [frame-01]
    frame=ruled          lies across its own words (100.0% of the block's ink moved)   [frame-01]
    frame=ruled          39% of what it draws is off the block   [frame-01]
    frame=tabs           lands on the NEIGHBOURING paragraphs' words (100.0% of their ink moved)   [frame-01]
    frame=tabs           lies across its own words (99.6% of the block's ink moved)   [frame-01]
    frame=tabs           44% of what it draws is off the block   [frame-01]
    frame=deckle         lands on the NEIGHBOURING paragraphs' words (100.0% of their ink moved)   [frame-01]
    frame=deckle         lies across its own words (99.5% of the block's ink moved)   [frame-01]
    frame=bead           lands on the NEIGHBOURING paragraphs' words (96.7% of their ink moved)   [frame-01]
    frame=bead           lies across its own words (92.7% of the block's ink moved)   [frame-01]
    frame=braid          lands on the NEIGHBOURING paragraphs' words (97.8% of their ink moved)   [frame-01]
    frame=braid          lies across its own words (92.8% of the block's ink moved)   [frame-01]
    frame=meander        100% of what it draws is off the block   [frame-01]
    frame=laurel         100% of what it draws is off the block   [frame-01]
    frame=ivyframe       lands on the NEIGHBOURING paragraphs' words (3.2% of their ink moved)   [frame-02]
    frame=ivyframe       lies across its own words (99.4% of the block's ink moved)   [frame-02]
    frame=dogtooth       lands on the NEIGHBOURING paragraphs' words (2.1% of their ink moved)   [frame-02]
    frame=dogtooth       lies across its own words (94.5% of the block's ink moved)   [frame-02]
    frame=dentil         lands on the NEIGHBOURING paragraphs' words (98.1% of their ink moved)   [frame-02]
    frame=dentil         lies across its own words (92.9% of the block's ink moved)   [frame-02]
    frame=eggdart        lands on the NEIGHBOURING paragraphs' words (99.0% of their ink moved)   [frame-02]
    frame=eggdart        lies across its own words (93.4% of the block's ink moved)   [frame-02]
    frame=fret           lands on the NEIGHBOURING paragraphs' words (99.5% of their ink moved)   [frame-02]
    frame=fret           lies across its own words (95.3% of the block's ink moved)   [frame-02]
    frame=guilloche      lands on the NEIGHBOURING paragraphs' words (99.8% of their ink moved)   [frame-02]
    frame=guilloche      lies across its own words (95.9% of the block's ink moved)   [frame-02]
    frame=filigree       lands on the NEIGHBOURING paragraphs' words (96.5% of their ink moved)   [frame-02]
    frame=filigree       lies across its own words (99.3% of the block's ink moved)   [frame-02]
    frame=filigree       26% of what it draws is off the block   [frame-02]
    frame=rosette        lands on the NEIGHBOURING paragraphs' words (97.4% of their ink moved)   [frame-02]
    frame=rosette        lies across its own words (100.0% of the block's ink moved)   [frame-02]
    frame=rosette        36% of what it draws is off the block   [frame-02]
    frame=fleur          lands on the NEIGHBOURING paragraphs' words (73.8% of their ink moved)   [frame-02]
    frame=fleur          lies across its own words (99.3% of the block's ink moved)   [frame-02]
    frame=fleur          51% of what it draws is off the block   [frame-02]
    frame=scorch         lands on the NEIGHBOURING paragraphs' words (73.7% of their ink moved)   [frame-02]
    frame=scorch         lies across its own words (98.8% of the block's ink moved)   [frame-02]
    frame=perfed         lands on the NEIGHBOURING paragraphs' words (89.0% of their ink moved)   [frame-02]
    frame=perfed         lies across its own words (100.0% of the block's ink moved)   [frame-02]
    frame=punch          lands on the NEIGHBOURING paragraphs' words (91.1% of their ink moved)   [frame-02]
    frame=punch          lies across its own words (100.0% of the block's ink moved)   [frame-02]
    frame=coupon         lands on the NEIGHBOURING paragraphs' words (90.8% of their ink moved)   [frame-02]
    frame=coupon         lies across its own words (99.8% of the block's ink moved)   [frame-02]
    frame=sprocket       lands on the NEIGHBOURING paragraphs' words (96.3% of their ink moved)   [frame-02]
    frame=sprocket       lies across its own words (57.9% of the block's ink moved)   [frame-02]
    frame=postmark       94% of what it draws is off the block   [frame-02]
    frame=diecut         94% of what it draws is off the block   [frame-02]
    frame=badge          lies across its own words (99.9% of the block's ink moved)   [frame-03]
    frame=shield         lies across its own words (99.9% of the block's ink moved)   [frame-03]
    frame=cartouche      lands on the NEIGHBOURING paragraphs' words (99.3% of their ink moved)   [frame-03]
    frame=cartouche      lies across its own words (94.5% of the block's ink moved)   [frame-03]
    frame=oval           lands on the NEIGHBOURING paragraphs' words (99.8% of their ink moved)   [frame-03]
    frame=oval           lies across its own words (99.9% of the block's ink moved)   [frame-03]
    frame=arch           lands on the NEIGHBOURING paragraphs' words (94.5% of their ink moved)   [frame-03]
    frame=arch           lies across its own words (100.0% of the block's ink moved)   [frame-03]
    frame=gable          lands on the NEIGHBOURING paragraphs' words (92.9% of their ink moved)   [frame-03]
    frame=gable          lies across its own words (100.0% of the block's ink moved)   [frame-03]
    frame=bracket        lands on the NEIGHBOURING paragraphs' words (95.4% of their ink moved)   [frame-03]
    frame=bracket        lies across its own words (99.8% of the block's ink moved)   [frame-03]
    frame=bracket        33% of what it draws is off the block   [frame-03]
    frame=cumulus        lands on the NEIGHBOURING paragraphs' words (95.4% of their ink moved)   [frame-03]
    frame=cumulus        lies across its own words (99.8% of the block's ink moved)   [frame-03]
    frame=pompom         lands on the NEIGHBOURING paragraphs' words (99.4% of their ink moved)   [frame-03]
    frame=pompom         lies across its own words (99.5% of the block's ink moved)   [frame-03]
    frame=jagged         lands on the NEIGHBOURING paragraphs' words (99.3% of their ink moved)   [frame-03]
    frame=jagged         lies across its own words (99.6% of the block's ink moved)   [frame-03]
    frame=sawedge        lands on the NEIGHBOURING paragraphs' words (99.8% of their ink moved)   [frame-03]
    frame=sawedge        lies across its own words (94.7% of the block's ink moved)   [frame-03]
    frame=dashes         lands on the NEIGHBOURING paragraphs' words (99.8% of their ink moved)   [frame-03]
    frame=dashes         lies across its own words (94.7% of the block's ink moved)   [frame-03]
    frame=pips           lands on the NEIGHBOURING paragraphs' words (99.6% of their ink moved)   [frame-03]
    frame=pips           lies across its own words (93.9% of the block's ink moved)   [frame-03]
    frame=hatched        lands on the NEIGHBOURING paragraphs' words (98.5% of their ink moved)   [frame-03]
    frame=hatched        lies across its own words (94.1% of the block's ink moved)   [frame-03]
    frame=lacing         lies across its own words (98.5% of the block's ink moved)   [frame-04]
    frame=seamed         lies across its own words (99.6% of the block's ink moved)   [frame-04]
    paper=torn           lies across its own words (100.0% of the block's ink moved)   [paper-01]
    paper=aged           lies across its own words (99.5% of the block's ink moved)   [paper-01]
    paper=kraft          lands on the NEIGHBOURING paragraphs' words (92.4% of their ink moved)   [paper-01]
    paper=kraft          lies across its own words (97.8% of the block's ink moved)   [paper-01]
    paper=vellum         lands on the NEIGHBOURING paragraphs' words (92.4% of their ink moved)   [paper-01]
    paper=vellum         lies across its own words (99.9% of the block's ink moved)   [paper-01]
    paper=parchment      lands on the NEIGHBOURING paragraphs' words (95.2% of their ink moved)   [paper-01]
    paper=parchment      lies across its own words (96.9% of the block's ink moved)   [paper-01]
    paper=papyrus        lands on the NEIGHBOURING paragraphs' words (95.0% of their ink moved)   [paper-01]
    paper=papyrus        lies across its own words (96.1% of the block's ink moved)   [paper-01]
    paper=newsprint      lands on the NEIGHBOURING paragraphs' words (99.0% of their ink moved)   [paper-01]
    paper=newsprint      lies across its own words (99.1% of the block's ink moved)   [paper-01]
    paper=tracing        lands on the NEIGHBOURING paragraphs' words (99.0% of their ink moved)   [paper-01]
    paper=tracing        lies across its own words (99.5% of the block's ink moved)   [paper-01]
    paper=onion          lands on the NEIGHBOURING paragraphs' words (95.8% of their ink moved)   [paper-01]
    paper=onion          lies across its own words (100.0% of the block's ink moved)   [paper-01]
    paper=onion          30% of what it draws is off the block   [paper-01]
    paper=cartridge      lands on the NEIGHBOURING paragraphs' words (95.8% of their ink moved)   [paper-01]
    paper=cartridge      lies across its own words (100.0% of the block's ink moved)   [paper-01]
    paper=cartridge      38% of what it draws is off the block   [paper-01]
    paper=coldpress      lands on the NEIGHBOURING paragraphs' words (99.8% of their ink moved)   [paper-01]
    paper=coldpress      lies across its own words (99.5% of the block's ink moved)   [paper-01]
    paper=coldpress      39% of what it draws is off the block   [paper-01]
    paper=hotpress       lands on the NEIGHBOURING paragraphs' words (99.8% of their ink moved)   [paper-01]
    paper=hotpress       lies across its own words (99.5% of the block's ink moved)   [paper-01]
    paper=hotpress       39% of what it draws is off the block   [paper-01]
    paper=handmade       lands on the NEIGHBOURING paragraphs' words (99.7% of their ink moved)   [paper-01]
    paper=handmade       lies across its own words (87.2% of the block's ink moved)   [paper-01]
    paper=marbled        lands on the NEIGHBOURING paragraphs' words (99.9% of their ink moved)   [paper-01]
    paper=marbled        lies across its own words (93.1% of the block's ink moved)   [paper-01]
    paper=mulberry       100% of what it draws is off the block   [paper-01]
    paper=linenstock     100% of what it draws is off the block   [paper-01]
    paper=laid           lies across its own words (99.6% of the block's ink moved)   [paper-02]
    paper=cotton         lies across its own words (100.0% of the block's ink moved)   [paper-02]
    paper=foilpaper      lands on the NEIGHBOURING paragraphs' words (96.7% of their ink moved)   [paper-02]
    paper=foilpaper      lies across its own words (99.3% of the block's ink moved)   [paper-02]
    paper=carbon         lands on the NEIGHBOURING paragraphs' words (96.7% of their ink moved)   [paper-02]
    paper=carbon         lies across its own words (99.9% of the block's ink moved)   [paper-02]
    paper=thermal        lands on the NEIGHBOURING paragraphs' words (98.3% of their ink moved)   [paper-02]
    paper=thermal        lies across its own words (94.5% of the block's ink moved)   [paper-02]
    paper=lined          lands on the NEIGHBOURING paragraphs' words (98.6% of their ink moved)   [paper-02]
    paper=lined          lies across its own words (93.0% of the block's ink moved)   [paper-02]
    paper=lined          32% of what it draws is off the block   [paper-02]
    paper=graph          lands on the NEIGHBOURING paragraphs' words (99.9% of their ink moved)   [paper-02]
    paper=graph          lies across its own words (99.7% of the block's ink moved)   [paper-02]
    paper=graph          35% of what it draws is off the block   [paper-02]
    paper=index          lands on the NEIGHBOURING paragraphs' words (99.9% of their ink moved)   [paper-02]
    paper=index          lies across its own words (99.7% of the block's ink moved)   [paper-02]
    paper=index          41% of what it draws is off the block   [paper-02]
    paper=dotgrid        lands on the NEIGHBOURING paragraphs' words (95.8% of their ink moved)   [paper-02]
    paper=dotgrid        lies across its own words (100.0% of the block's ink moved)   [paper-02]
    paper=dotgrid        38% of what it draws is off the block   [paper-02]
    paper=stave          lands on the NEIGHBOURING paragraphs' words (99.3% of their ink moved)   [paper-02]
    paper=stave          lies across its own words (99.7% of the block's ink moved)   [paper-02]
    paper=stave          34% of what it draws is off the block   [paper-02]
    paper=ledger         lands on the NEIGHBOURING paragraphs' words (95.7% of their ink moved)   [paper-02]
    paper=ledger         lies across its own words (99.1% of the block's ink moved)   [paper-02]
    paper=blueprint      lands on the NEIGHBOURING paragraphs' words (95.2% of their ink moved)   [paper-02]
    paper=blueprint      lies across its own words (88.8% of the block's ink moved)   [paper-02]
    paper=cornell        lands on the NEIGHBOURING paragraphs' words (99.4% of their ink moved)   [paper-02]
    paper=cornell        lies across its own words (99.8% of the block's ink moved)   [paper-02]
    paper=isometric      lands on the NEIGHBOURING paragraphs' words (89.7% of their ink moved)   [paper-02]
    paper=isometric      lies across its own words (99.5% of the block's ink moved)   [paper-02]
    paper=hexes          100% of what it draws is off the block   [paper-02]
    paper=millimetre     100% of what it draws is off the block   [paper-02]
    paper=logarithmic    lies across its own words (99.6% of the block's ink moved)   [paper-03]
    paper=polar          lies across its own words (99.6% of the block's ink moved)   [paper-03]
    paper=engineer       lands on the NEIGHBOURING paragraphs' words (97.0% of their ink moved)   [paper-03]
    paper=engineer       lies across its own words (96.5% of the block's ink moved)   [paper-03]
    paper=accounts       lands on the NEIGHBOURING paragraphs' words (97.0% of their ink moved)   [paper-03]
    paper=accounts       lies across its own words (96.6% of the block's ink moved)   [paper-03]
    paper=legal          lands on the NEIGHBOURING paragraphs' words (99.4% of their ink moved)   [paper-03]
    paper=legal          lies across its own words (93.1% of the block's ink moved)   [paper-03]
    paper=copybook       lands on the NEIGHBOURING paragraphs' words (99.4% of their ink moved)   [paper-03]
    paper=copybook       lies across its own words (94.6% of the block's ink moved)   [paper-03]
    paper=copybook       32% of what it draws is off the block   [paper-03]
    paper=tablature      lands on the NEIGHBOURING paragraphs' words (99.7% of their ink moved)   [paper-03]
    paper=tablature      lies across its own words (99.0% of the block's ink moved)   [paper-03]
    paper=tablature      37% of what it draws is off the block   [paper-03]
    paper=crossword      lands on the NEIGHBOURING paragraphs' words (99.7% of their ink moved)   [paper-03]
    paper=crossword      lies across its own words (86.9% of the block's ink moved)   [paper-03]
    paper=crossword      36% of what it draws is off the block   [paper-03]
    paper=calendar       lands on the NEIGHBOURING paragraphs' words (99.8% of their ink moved)   [paper-03]
    paper=calendar       lies across its own words (99.9% of the block's ink moved)   [paper-03]
    paper=calendar       26% of what it draws is off the block   [paper-03]
    paper=notepad        lands on the NEIGHBOURING paragraphs' words (99.0% of their ink moved)   [paper-03]
    paper=notepad        lies across its own words (99.5% of the block's ink moved)   [paper-03]
    paper=notepad        45% of what it draws is off the block   [paper-03]
    paper=receipt        lands on the NEIGHBOURING paragraphs' words (99.8% of their ink moved)   [paper-03]
    paper=receipt        lies across its own words (97.6% of the block's ink moved)   [paper-03]
    paper=receipt        33% of what it draws is off the block   [paper-03]
    paper=airmail        lands on the NEIGHBOURING paragraphs' words (99.8% of their ink moved)   [paper-03]
    paper=airmail        lies across its own words (95.3% of the block's ink moved)   [paper-03]
    paper=telegram       lands on the NEIGHBOURING paragraphs' words (100.0% of their ink moved)   [paper-03]
    paper=telegram       lies across its own words (94.9% of the block's ink moved)   [paper-03]
    paper=punchcard      lands on the NEIGHBOURING paragraphs' words (100.0% of their ink moved)   [paper-03]
    paper=punchcard      lies across its own words (95.8% of the block's ink moved)   [paper-03]
    paper=stained        lies across its own words (99.6% of the block's ink moved)   [paper-04]
    paper=scorched       lies across its own words (99.5% of the block's ink moved)   [paper-04]
    underline=arrow          lands on the NEIGHBOURING paragraphs' words (43.4% of their ink moved)   [underline-01]
    underline=zigzag         lands on the NEIGHBOURING paragraphs' words (43.4% of their ink moved)   [underline-01]
    underline=dotdash        lands on the NEIGHBOURING paragraphs' words (85.5% of their ink moved)   [underline-01]
    underline=dotdash        lies across its own words (84.6% of the block's ink moved)   [underline-01]
    underline=triple         lands on the NEIGHBOURING paragraphs' words (85.5% of their ink moved)   [underline-01]
    underline=triple         lies across its own words (81.9% of the block's ink moved)   [underline-01]
    underline=thick          lands on the NEIGHBOURING paragraphs' words (85.5% of their ink moved)   [underline-01]
    underline=thick          lies across its own words (84.6% of the block's ink moved)   [underline-01]
    underline=hairline       lands on the NEIGHBOURING paragraphs' words (85.5% of their ink moved)   [underline-01]
    underline=hairline       lies across its own words (84.6% of the block's ink moved)   [underline-01]
    underline=caret          lands on the NEIGHBOURING paragraphs' words (43.4% of their ink moved)   [underline-02]
    underline=tickmark       lands on the NEIGHBOURING paragraphs' words (43.4% of their ink moved)   [underline-02]
    underline=chevrons       lands on the NEIGHBOURING paragraphs' words (43.4% of their ink moved)   [underline-03]
    underline=loops          lands on the NEIGHBOURING paragraphs' words (91.9% of their ink moved)   [underline-03]
    underline=loops          lies across its own words (84.8% of the block's ink moved)   [underline-03]
    underline=coil           lands on the NEIGHBOURING paragraphs' words (91.9% of their ink moved)   [underline-03]
    underline=coil           lies across its own words (84.9% of the block's ink moved)   [underline-03]
    underline=rungs          lands on the NEIGHBOURING paragraphs' words (99.5% of their ink moved)   [underline-03]
    underline=rungs          lies across its own words (99.3% of the block's ink moved)   [underline-03]
    underline=rail           lands on the NEIGHBOURING paragraphs' words (98.9% of their ink moved)   [underline-03]
    underline=rail           lies across its own words (98.3% of the block's ink moved)   [underline-03]
    underline=comb           lands on the NEIGHBOURING paragraphs' words (99.9% of their ink moved)   [underline-03]
    underline=comb           lies across its own words (99.8% of the block's ink moved)   [underline-03]
    underline=sawtooth       lands on the NEIGHBOURING paragraphs' words (99.9% of their ink moved)   [underline-03]
    underline=sawtooth       lies across its own words (99.5% of the block's ink moved)   [underline-03]
    underline=beaded         lands on the NEIGHBOURING paragraphs' words (99.0% of their ink moved)   [underline-03]
    underline=beaded         lies across its own words (98.1% of the block's ink moved)   [underline-03]
    underline=starred        lands on the NEIGHBOURING paragraphs' words (99.0% of their ink moved)   [underline-03]
    underline=starred        lies across its own words (97.6% of the block's ink moved)   [underline-03]
    underline=macron         lands on the NEIGHBOURING paragraphs' words (96.7% of their ink moved)   [underline-03]
    underline=macron         lies across its own words (92.6% of the block's ink moved)   [underline-03]
    underline=macron         26% of what it draws is off the block   [underline-03]
    underline=ogee           lands on the NEIGHBOURING paragraphs' words (96.7% of their ink moved)   [underline-03]
    underline=ogee           lies across its own words (92.6% of the block's ink moved)   [underline-03]
    underline=swash          lands on the NEIGHBOURING paragraphs' words (96.3% of their ink moved)   [underline-03]
    underline=swash          lies across its own words (93.8% of the block's ink moved)   [underline-03]
    underline=flourish       lands on the NEIGHBOURING paragraphs' words (96.3% of their ink moved)   [underline-03]
    underline=flourish       lies across its own words (93.8% of the block's ink moved)   [underline-03]
    underline=tail           lands on the NEIGHBOURING paragraphs' words (99.2% of their ink moved)   [underline-03]
    underline=tail           lies across its own words (97.9% of the block's ink moved)   [underline-03]
    underline=hook           lands on the NEIGHBOURING paragraphs' words (99.2% of their ink moved)   [underline-03]
    underline=hook           lies across its own words (99.1% of the block's ink moved)   [underline-03]
    underline=curl           lands on the NEIGHBOURING paragraphs' words (43.4% of their ink moved)   [underline-04]
    underline=kick           lands on the NEIGHBOURING paragraphs' words (43.4% of their ink moved)   [underline-04]
 of what it draws is off the block   [paper-03]
    paper=airmail        lands on the NEIGHBOURING paragraphs' words (99.8% of their ink moved)   [paper-03]
    paper=airmail        lies across its own words (95.3% of the block's ink moved)   [paper-03]
    paper=telegram       lands on the NEIGHBOURING paragraphs' words (100.0% of their ink moved)   [paper-03]
    paper=telegram       lies across its own words (94.9% of the block's ink moved)   [paper-03]
    paper=punchcard      lands on the NEIGHBOURING paragraphs' words (100.0% of their ink moved)   [paper-03]
    paper=punchcard      lies across its own words (95.8% of the block's ink moved)   [paper-03]
    paper=stained        lies across its own words (99.6% of the block's ink moved)   [paper-04]
    paper=scorched       lies across its own words (99.5% of the block's ink moved)   [paper-04]
    underline=arrow          lands on the NEIGHBOURING paragraphs' words (43.4% of their ink moved)   [underline-01]
    underline=zigzag         lands on the NEIGHBOURING paragraphs' words (43.4% of their ink moved)   [underline-01]
    underline=dotdash        lands on the NEIGHBOURING paragraphs' words (85.5% of their ink moved)   [underline-01]
    underline=dotdash        lies across its own words (84.6% of the block's ink moved)   [underline-01]
    underline=triple         lands on the NEIGHBOURING paragraphs' words (85.5% of their ink moved)   [underline-01]
    underline=triple         lies across its own words (81.9% of the block's ink moved)   [underline-01]
    underline=thick          lands on the NEIGHBOURING paragraphs' words (85.5% of their ink moved)   [underline-01]
    underline=thick          lies across its own words (84.6% of the block's ink moved)   [underline-01]
    underline=hairline       lands on the NEIGHBOURING paragraphs' words (85.5% of their ink moved)   [underline-01]
    underline=hairline       lies across its own words (84.6% of the block's ink moved)   [underline-01]
    underline=caret          lands on the NEIGHBOURING paragraphs' words (43.4% of their ink moved)   [underline-02]
    underline=tickmark       lands on the NEIGHBOURING paragraphs' words (43.4% of their ink moved)   [underline-02]
    underline=chevrons       lands on the NEIGHBOURING paragraphs' words (43.4% of their ink moved)   [underline-03]
    underline=loops          lands on the NEIGHBOURING paragraphs' words (91.9% of their ink moved)   [underline-03]
    underline=loops          lies across its own words (84.8% of the block's ink moved)   [underline-03]
    underline=coil           lands on the NEIGHBOURING paragraphs' words (91.9% of their ink moved)   [underline-03]
    underline=coil           lies across its own words (84.9% of the block's ink moved)   [underline-03]
    underline=rungs          lands on the NEIGHBOURING paragraphs' words (99.5% of their ink moved)   [underline-03]
    underline=rungs          lies across its own words (99.3% of the block's ink moved)   [underline-03]
    underline=rail           lands on the NEIGHBOURING paragraphs' words (98.9% of their ink moved)   [underline-03]
    underline=rail           lies across its own words (98.3% of the block's ink moved)   [underline-03]
    underline=comb           lands on the NEIGHBOURING paragraphs' words (99.9% of their ink moved)   [underline-03]
    underline=comb           lies across its own words (99.8% of the block's ink moved)   [underline-03]
    underline=sawtooth       lands on the NEIGHBOURING paragraphs' words (99.9% of their ink moved)   [underline-03]
    underline=sawtooth       lies across its own words (99.5% of the block's ink moved)   [underline-03]
    underline=beaded         lands on the NEIGHBOURING paragraphs' words (99.0% of their ink moved)   [underline-03]
    underline=beaded         lies across its own words (98.1% of the block's ink moved)   [underline-03]
    underline=starred        lands on the NEIGHBOURING paragraphs' words (99.0% of their ink moved)   [underline-03]
    underline=starred        lies across its own words (97.6% of the block's ink moved)   [underline-03]
    underline=macron         lands on the NEIGHBOURING paragraphs' words (96.7% of their ink moved)   [underline-03]
    underline=macron         lies across its own words (92.6% of the block's ink moved)   [underline-03]
    underline=macron         26% of what it draws is off the block   [underline-03]
    underline=ogee           lands on the NEIGHBOURING paragraphs' words (96.7% of their ink moved)   [underline-03]
    underline=ogee           lies across its own words (92.6% of the block's ink moved)   [underline-03]
    underline=swash          lands on the NEIGHBOURING paragraphs' words (96.3% of their ink moved)   [underline-03]
    underline=swash          lies across its own words (93.8% of the block's ink moved)   [underline-03]
    underline=flourish       lands on the NEIGHBOURING paragraphs' words (96.3% of their ink moved)   [underline-03]
    underline=flourish       lies across its own words (93.8% of the block's ink moved)   [underline-03]
    underline=tail           lands on the NEIGHBOURING paragraphs' words (99.2% of their ink moved)   [underline-03]
    underline=tail           lies across its own words (97.9% of the block's ink moved)   [underline-03]
    underline=hook           lands on the NEIGHBOURING paragraphs' words (99.2% of their ink moved)   [underline-03]
    underline=hook           lies across its own words (99.1% of the block's ink moved)   [underline-03]
    underline=curl           lands on the NEIGHBOURING paragraphs' words (43.4% of their ink moved)   [underline-04]
    underline=kick           lands on the NEIGHBOURING paragraphs' words (43.4% of their ink moved)   [underline-04]
